 test-win-seh

 Timestamp is 646d279c (Wed May 24 04:52:44 2023)

 Preferred load address is 0000000140000000

 Start         Length     Name                   Class
 0001:00000000 00004d60H .text$mn                CODE
 0001:00004d60 00001040H .text$mn$00             CODE
 0001:00005da0 000011faH .text$x                 CODE
 0002:00000000 00000110H .CRT$XCA                DATA
 0002:00000110 00000110H .CRT$XCAA               DATA
 0002:00000220 00000110H .CRT$XCZ                DATA
 0002:00000330 00000110H .CRT$XIA                DATA
 0002:00000440 00000110H .CRT$XIAA               DATA
 0002:00000550 00000110H .CRT$XIAC               DATA
 0002:00000660 00000110H .CRT$XIZ                DATA
 0002:00000770 00000110H .CRT$XPA                DATA
 0002:00000880 00000110H .CRT$XPZ                DATA
 0002:00000990 00000110H .CRT$XTA                DATA
 0002:00000aa0 00000110H .CRT$XTZ                DATA
 0002:00000bb0 00001150H .rdata                  DATA
 0002:00001d00 00000200H .rdata$CastGuardVftablesA DATA
 0002:00001f00 0000019cH .rdata$CastGuardVftablesC DATA
 0002:0000209c 0000017cH .rdata$zzzdbg           DATA
 0002:00002218 00000110H .rtc$IAA                DATA
 0002:00002328 00000110H .rtc$IMZ                DATA
 0002:00002438 00000110H .rtc$IZZ                DATA
 0002:00002548 00000110H .rtc$TAA                DATA
 0002:00002658 00000110H .rtc$TMZ                DATA
 0002:00002768 00000110H .rtc$TZZ                DATA
 0002:00002878 000007d1H .xdata                  DATA
 0002:00003049 00000000H .edata                  DATA
 0003:00000000 00000170H .data                   DATA
 0003:00000170 00000771H .bss                    DATA
 0004:00000000 000005d0H .pdata                  DATA
 0005:00000000 00000540H .idata$5                DATA
 0005:00000540 000000a0H .idata$2                DATA
 0005:000005e0 00000018H .idata$3                DATA
 0005:000005f8 00000540H .idata$4                DATA
 0005:00000b38 000007dbH .idata$6                DATA
 0006:00000000 00000175H .00cfg                  DATA
 0007:00000000 00000170H .rsrc$01                DATA
 0007:00000170 000002ccH .rsrc$02                DATA

  Address         Publics by Value              Rva+Base               Lib:Object

 0000:00000000       __AbsoluteZero             0000000000000000     <absolute>
 0000:00000000       ___safe_se_handler_count   0000000000000000     <absolute>
 0000:00000000       ___safe_se_handler_table   0000000000000000     <absolute>
 0000:00000000       __arm64x_extra_rfe_table   0000000000000000     <absolute>
 0000:00000000       __arm64x_extra_rfe_table_size 0000000000000000     <absolute>
 0000:00000000       __arm64x_native_entrypoint 0000000000000000     <absolute>
 0000:00000000       __arm64x_redirection_metadata 0000000000000000     <absolute>
 0000:00000000       __arm64x_redirection_metadata_count 0000000000000000     <absolute>
 0000:00000000       __dynamic_value_reloc_table 0000000000000000     <absolute>
 0000:00000000       __enclave_config           0000000000000000     <absolute>
 0000:00000000       __guard_check_icall_a64n_fptr 0000000000000000     <absolute>
 0000:00000000       __guard_eh_cont_count      0000000000000000     <absolute>
 0000:00000000       __guard_eh_cont_table      0000000000000000     <absolute>
 0000:00000000       __guard_fids_count         0000000000000000     <absolute>
 0000:00000000       __guard_fids_table         0000000000000000     <absolute>
 0000:00000000       __guard_iat_count          0000000000000000     <absolute>
 0000:00000000       __guard_iat_table          0000000000000000     <absolute>
 0000:00000000       __guard_longjmp_count      0000000000000000     <absolute>
 0000:00000000       __guard_longjmp_table      0000000000000000     <absolute>
 0000:00000000       __hybrid_auxiliary_iat     0000000000000000     <absolute>
 0000:00000000       __hybrid_auxiliary_iat_copy 0000000000000000     <absolute>
 0000:00000000       __hybrid_code_map          0000000000000000     <absolute>
 0000:00000000       __hybrid_code_map_count    0000000000000000     <absolute>
 0000:00000000       __volatile_metadata        0000000000000000     <absolute>
 0000:00000000       __x64_code_ranges_to_entry_points 0000000000000000     <absolute>
 0000:00000000       __x64_code_ranges_to_entry_points_count 0000000000000000     <absolute>
 0000:00000100       __guard_flags              0000000000000100     <absolute>
 0000:00000000       __ImageBase                0000000140000000     <linker-defined>
 0001:00000500       msvc_SEH_1                 0000000140001500 f   main.obj
 0001:00000540       msvc_SEH_2                 0000000140001540 f   main.obj
 0001:00000590       msvc_SEH_3                 0000000140001590 f   main.obj
 0001:000005e0       msvc_SEH_4                 00000001400015e0 f   main.obj
 0001:00000630       ?seh_filer@@YAHH@Z         0000000140001630 f   main.obj
 0001:00000920       msvc_SEH_5                 0000000140001920 f   main.obj
 0001:00000970       msvc_SEH_6                 0000000140001970 f   main.obj
 0001:000009c0       main                       00000001400019c0 f   main.obj
 0001:00000b30       __local_stdio_printf_options 0000000140001b30 f i main.obj
 0001:00000b40       _vfprintf_l                0000000140001b40 f i main.obj
 0001:00000ba0       printf                     0000000140001ba0 f i main.obj
 0001:00000c43       RaiseException             0000000140001c43 f   kernel32:KERNEL32.dll
 0001:00000c4c       _RTC_AllocaHelper          0000000140001c4c f   MSVCRT:stack.obj
 0001:00000c90       _RTC_CheckStackVars        0000000140001c90 f   MSVCRT:stack.obj
 0001:00000d20       _RTC_CheckStackVars2       0000000140001d20 f   MSVCRT:stack.obj
 0001:00000e40       _CRT_RTC_INIT              0000000140001e40 f   MSVCRT:init.obj
 0001:00000e44       _CRT_RTC_INITW             0000000140001e44 f   MSVCRT:init.obj
 0001:00000e48       _RTC_InitBase              0000000140001e48 f   MSVCRT:init.obj
 0001:00000e70       _RTC_Shutdown              0000000140001e70 f   MSVCRT:init.obj
 0001:00001180       ?configure_argv@__scrt_narrow_argv_policy@@SAHXZ 0000000140002180 f i MSVCRT:exe_main.obj
 0001:0000119c       ?initialize_environment@__scrt_narrow_environment_policy@@SAHXZ 000000014000219c f i MSVCRT:exe_main.obj
 0001:000011e8       ?set_app_type@__scrt_main_policy@@SAXXZ 00000001400021e8 f i MSVCRT:exe_main.obj
 0001:000011f4       ?set_commode@__scrt_file_policy@@SAXXZ 00000001400021f4 f i MSVCRT:exe_main.obj
 0001:00001214       ?set_fmode@__scrt_file_policy@@SAXXZ 0000000140002214 f i MSVCRT:exe_main.obj
 0001:00001230       mainCRTStartup             0000000140002230 f   MSVCRT:exe_main.obj
 0001:000012e0       ?_RTC_AllocaFailure@@YAXPEAXPEAU_RTC_ALLOCA_NODE@@H@Z 00000001400022e0 f   MSVCRT:error.obj
 0001:000014f8       ?_RTC_Failure@@YAXPEAXH@Z  00000001400024f8 f   MSVCRT:error.obj
 0001:00001558       ?_RTC_StackFailure@@YAXPEAXPEBD@Z 0000000140002558 f   MSVCRT:error.obj
 0001:00001aa0       _RTC_UninitUse             0000000140002aa0 f   MSVCRT:error.obj
 0001:00001ba4       _vsprintf_s_l              0000000140002ba4 f i MSVCRT:error.obj
 0001:00001c20       sprintf_s                  0000000140002c20 f i MSVCRT:error.obj
 0001:00001c88       ?_RTC_GetErrorFunc@@YAP6AHHPEBDH00ZZPEBX@Z 0000000140002c88 f   MSVCRT:userapi.obj
 0001:00001c94       ?_RTC_GetErrorFuncW@@YAP6AHHPEB_WH00ZZPEBX@Z 0000000140002c94 f   MSVCRT:userapi.obj
 0001:00001ca0       _RTC_GetErrDesc            0000000140002ca0 f   MSVCRT:userapi.obj
 0001:00001cbc       _RTC_NumErrors             0000000140002cbc f   MSVCRT:userapi.obj
 0001:00001cc4       _RTC_SetErrorFunc          0000000140002cc4 f   MSVCRT:userapi.obj
 0001:00001ce0       _RTC_SetErrorFuncW         0000000140002ce0 f   MSVCRT:userapi.obj
 0001:00001cfc       _RTC_SetErrorType          0000000140002cfc f   MSVCRT:userapi.obj
 0001:00001db8       NtCurrentTeb               0000000140002db8 f i MSVCRT:utility.obj
 0001:00001dc4       __scrt_acquire_startup_lock 0000000140002dc4 f   MSVCRT:utility.obj
 0001:00001e0c       __scrt_dllmain_after_initialize_c 0000000140002e0c f   MSVCRT:utility.obj
 0001:00001e50       __scrt_dllmain_before_initialize_c 0000000140002e50 f   MSVCRT:utility.obj
 0001:00001e6c       __scrt_dllmain_crt_thread_attach 0000000140002e6c f   MSVCRT:utility.obj
 0001:00001ea0       __scrt_dllmain_crt_thread_detach 0000000140002ea0 f   MSVCRT:utility.obj
 0001:00001ebc       __scrt_dllmain_exception_filter 0000000140002ebc f   MSVCRT:utility.obj
 0001:00001f34       __scrt_dllmain_uninitialize_c 0000000140002f34 f   MSVCRT:utility.obj
 0001:00001f70       __scrt_dllmain_uninitialize_critical 0000000140002f70 f   MSVCRT:utility.obj
 0001:00001f8c       __scrt_initialize_crt      0000000140002f8c f   MSVCRT:utility.obj
 0001:00001fe8       __scrt_initialize_onexit_tables 0000000140002fe8 f   MSVCRT:utility.obj
 0001:00002098       __scrt_is_nonwritable_in_current_image 0000000140003098 f   MSVCRT:utility.obj
 0001:00002158       __scrt_release_startup_lock 0000000140003158 f   MSVCRT:utility.obj
 0001:00002188       __scrt_uninitialize_crt    0000000140003188 f   MSVCRT:utility.obj
 0001:000021bc       _onexit                    00000001400031bc f   MSVCRT:utility.obj
 0001:00002204       at_quick_exit              0000000140003204 f   MSVCRT:utility.obj
 0001:00002228       atexit                     0000000140003228 f   MSVCRT:utility.obj
 0001:000022cc       __security_init_cookie     00000001400032cc f   MSVCRT:gs_support.obj
 0001:000023a4       _matherr                   00000001400033a4 f   MSVCRT:matherr.obj
 0001:000023a8       _get_startup_argv_mode     00000001400033a8 f   MSVCRT:argv_mode.obj
 0001:000023b0       _get_startup_commit_mode   00000001400033b0 f   MSVCRT:commit_mode.obj
 0001:000023b4       _get_startup_file_mode     00000001400033b4 f   MSVCRT:file_mode.obj
 0001:000023bc       _get_startup_new_mode      00000001400033bc f   MSVCRT:new_mode.obj
 0001:000023c0       _get_startup_thread_locale_mode 00000001400033c0 f   MSVCRT:thread_locale.obj
 0001:000023c4       ?__scrt_initialize_type_info@@YAXXZ 00000001400033c4 f   MSVCRT:tncleanup.obj
 0001:000023d8       ?__scrt_uninitialize_type_info@@YAXXZ 00000001400033d8 f   MSVCRT:tncleanup.obj
 0001:000023e8       _should_initialize_environment 00000001400033e8 f   MSVCRT:env_mode.obj
 0001:000023ec       _initialize_invalid_parameter_handler 00000001400033ec f   MSVCRT:invalid_parameter_handler.obj
 0001:000023f0       _initialize_denormal_control 00000001400033f0 f   MSVCRT:denormal_control.obj
 0001:000023f4       __local_stdio_scanf_options 00000001400033f4 f i MSVCRT:default_local_stdio_options.obj
 0001:00002400       __scrt_initialize_default_local_stdio_options 0000000140003400 f   MSVCRT:default_local_stdio_options.obj
 0001:00002424       __scrt_is_user_matherr_present 0000000140003424 f   MSVCRT:matherr_detection.obj
 0001:00002434       __scrt_get_dyn_tls_init_callback 0000000140003434 f   MSVCRT:dyn_tls_init.obj
 0001:00002440       __scrt_get_dyn_tls_dtor_callback 0000000140003440 f   MSVCRT:dyn_tls_dtor.obj
 0001:0000244c       __crt_debugger_hook        000000014000344c f   MSVCRT:utility_desktop.obj
 0001:00002458       __scrt_fastfail            0000000140003458 f   MSVCRT:utility_desktop.obj
 0001:000025f8       __scrt_get_show_window_mode 00000001400035f8 f   MSVCRT:utility_desktop.obj
 0001:00002640       __scrt_initialize_mta      0000000140003640 f   MSVCRT:utility_desktop.obj
 0001:00002648       __scrt_initialize_winrt    0000000140003648 f   MSVCRT:utility_desktop.obj
 0001:0000264c       __scrt_is_managed_app      000000014000364c f   MSVCRT:utility_desktop.obj
 0001:000026b4       __scrt_set_unhandled_exception_filter 00000001400036b4 f   MSVCRT:utility_desktop.obj
 0001:000026c8       __scrt_exe_initialize_mta  00000001400036c8 f   MSVCRT:utility_desktop.obj
 0001:000026c8       __scrt_stub_for_initialize_mta 00000001400036c8 f   MSVCRT:utility_desktop.obj
 0001:000026cc       __scrt_unhandled_exception_filter 00000001400036cc f   MSVCRT:utility_desktop.obj
 0001:00002740       _RTC_Initialize            0000000140003740 f   MSVCRT:initsect.obj
 0001:0000278c       _RTC_Terminate             000000014000378c f   MSVCRT:initsect.obj
 0001:000027d8       _guard_check_icall_nop     00000001400037d8 f i MSVCRT:guard_support.obj
 0001:000027dc       ReadNoFence64              00000001400037dc f i MSVCRT:guard_support.obj
 0001:000027e0       ReadPointerNoFence         00000001400037e0 f i MSVCRT:guard_support.obj
 0001:000027e4       __castguard_check_failure_debugbreak 00000001400037e4 f i MSVCRT:guard_support.obj
 0001:00002808       __castguard_check_failure_fastfail 0000000140003808 f i MSVCRT:guard_support.obj
 0001:00002834       __castguard_check_failure_nop 0000000140003834 f i MSVCRT:guard_support.obj
 0001:00002838       __castguard_check_failure_os_handled 0000000140003838 f i MSVCRT:guard_support.obj
 0001:000028cc       __castguard_slow_path_check_debugbreak 00000001400038cc f i MSVCRT:guard_support.obj
 0001:00002910       __castguard_slow_path_check_fastfail 0000000140003910 f i MSVCRT:guard_support.obj
 0001:00002958       __castguard_slow_path_check_nop 0000000140003958 f i MSVCRT:guard_support.obj
 0001:0000295c       __castguard_slow_path_check_os_handled 000000014000395c f i MSVCRT:guard_support.obj
 0001:000029e4       _guard_icall_checks_enforced 00000001400039e4 f i MSVCRT:guard_support.obj
 0001:00002a00       _guard_rf_checks_enforced  0000000140003a00 f i MSVCRT:guard_support.obj
 0001:00002d44       ?_RTC_GetSrcLine@@YAHPEAEPEA_WKPEAH1K@Z 0000000140003d44 f   MSVCRT:pdblkup.obj
 0001:000031ec       __GSHandlerCheck           00000001400041ec f   MSVCRT:gshandler.obj
 0001:00003210       __GSHandlerCheckCommon     0000000140004210 f   MSVCRT:gshandler.obj
 0001:000032a0       __security_check_cookie    00000001400042a0 f   MSVCRT:amdsecgs.obj
 0001:000032cc       __isa_available_init       00000001400042cc f   MSVCRT:cpu_disp.obj
 0001:000034e4       __scrt_is_ucrt_dll_in_use  00000001400044e4 f   MSVCRT:ucrt_detection.obj
 0001:00003500       __raise_securityfailure    0000000140004500 f   MSVCRT:gs_report.obj
 0001:00003544       __report_gsfailure         0000000140004544 f   MSVCRT:gs_report.obj
 0001:0000364c       __report_rangecheckfailure 000000014000464c f   MSVCRT:gs_report.obj
 0001:00003664       __report_securityfailure   0000000140004664 f   MSVCRT:gs_report.obj
 0001:00003728       __report_securityfailureEx 0000000140004728 f   MSVCRT:gs_report.obj
 0001:00003991       __C_specific_handler       0000000140004991 f   vcruntime:VCRUNTIME140.dll
 0001:00003997       _local_unwind              0000000140004997 f   vcruntime:VCRUNTIME140.dll
 0001:0000399d       __C_specific_handler_noexcept 000000014000499d f   vcruntime:VCRUNTIME140.dll
 0001:000039a3       __std_type_info_destroy_list 00000001400049a3 f   vcruntime:VCRUNTIME140.dll
 0001:000039a9       __current_exception        00000001400049a9 f   vcruntime:VCRUNTIME140.dll
 0001:000039af       __current_exception_context 00000001400049af f   vcruntime:VCRUNTIME140.dll
 0001:000039b5       memset                     00000001400049b5 f   vcruntime:VCRUNTIME140.dll
 0001:000039bb       __vcrt_GetModuleFileNameW  00000001400049bb f   vcruntime:VCRUNTIME140.dll
 0001:000039c1       __vcrt_LoadLibraryExW      00000001400049c1 f   vcruntime:VCRUNTIME140.dll
 0001:000039c7       __acrt_iob_func            00000001400049c7 f   ucrt:api-ms-win-crt-stdio-l1-1-0.dll
 0001:000039cd       puts                       00000001400049cd f   ucrt:api-ms-win-crt-stdio-l1-1-0.dll
 0001:000039d3       __stdio_common_vfprintf    00000001400049d3 f   ucrt:api-ms-win-crt-stdio-l1-1-0.dll
 0001:000039d9       _seh_filter_exe            00000001400049d9 f   ucrt:api-ms-win-crt-runtime-l1-1-0.dll
 0001:000039df       _set_app_type              00000001400049df f   ucrt:api-ms-win-crt-runtime-l1-1-0.dll
 0001:000039e5       __setusermatherr           00000001400049e5 f   ucrt:api-ms-win-crt-math-l1-1-0.dll
 0001:000039eb       _configure_narrow_argv     00000001400049eb f   ucrt:api-ms-win-crt-runtime-l1-1-0.dll
 0001:000039f1       _initialize_narrow_environment 00000001400049f1 f   ucrt:api-ms-win-crt-runtime-l1-1-0.dll
 0001:000039f7       _get_initial_narrow_environment 00000001400049f7 f   ucrt:api-ms-win-crt-runtime-l1-1-0.dll
 0001:000039fd       _initterm                  00000001400049fd f   ucrt:api-ms-win-crt-runtime-l1-1-0.dll
 0001:00003a03       _initterm_e                0000000140004a03 f   ucrt:api-ms-win-crt-runtime-l1-1-0.dll
 0001:00003a09       exit                       0000000140004a09 f   ucrt:api-ms-win-crt-runtime-l1-1-0.dll
 0001:00003a0f       _exit                      0000000140004a0f f   ucrt:api-ms-win-crt-runtime-l1-1-0.dll
 0001:00003a15       _set_fmode                 0000000140004a15 f   ucrt:api-ms-win-crt-stdio-l1-1-0.dll
 0001:00003a1b       __p___argc                 0000000140004a1b f   ucrt:api-ms-win-crt-runtime-l1-1-0.dll
 0001:00003a21       __p___argv                 0000000140004a21 f   ucrt:api-ms-win-crt-runtime-l1-1-0.dll
 0001:00003a27       _cexit                     0000000140004a27 f   ucrt:api-ms-win-crt-runtime-l1-1-0.dll
 0001:00003a2d       _c_exit                    0000000140004a2d f   ucrt:api-ms-win-crt-runtime-l1-1-0.dll
 0001:00003a33       _register_thread_local_exe_atexit_callback 0000000140004a33 f   ucrt:api-ms-win-crt-runtime-l1-1-0.dll
 0001:00003a39       _configthreadlocale        0000000140004a39 f   ucrt:api-ms-win-crt-locale-l1-1-0.dll
 0001:00003a3f       _set_new_mode              0000000140004a3f f   ucrt:api-ms-win-crt-heap-l1-1-0.dll
 0001:00003a45       __p__commode               0000000140004a45 f   ucrt:api-ms-win-crt-stdio-l1-1-0.dll
 0001:00003a4b       strcpy_s                   0000000140004a4b f   ucrt:api-ms-win-crt-string-l1-1-0.dll
 0001:00003a51       strcat_s                   0000000140004a51 f   ucrt:api-ms-win-crt-string-l1-1-0.dll
 0001:00003a57       __stdio_common_vsprintf_s  0000000140004a57 f   ucrt:api-ms-win-crt-stdio-l1-1-0.dll
 0001:00003a5d       _seh_filter_dll            0000000140004a5d f   ucrt:api-ms-win-crt-runtime-l1-1-0.dll
 0001:00003a63       _initialize_onexit_table   0000000140004a63 f   ucrt:api-ms-win-crt-runtime-l1-1-0.dll
 0001:00003a69       _register_onexit_function  0000000140004a69 f   ucrt:api-ms-win-crt-runtime-l1-1-0.dll
 0001:00003a6f       _execute_onexit_table      0000000140004a6f f   ucrt:api-ms-win-crt-runtime-l1-1-0.dll
 0001:00003a75       _crt_atexit                0000000140004a75 f   ucrt:api-ms-win-crt-runtime-l1-1-0.dll
 0001:00003a7b       _crt_at_quick_exit         0000000140004a7b f   ucrt:api-ms-win-crt-runtime-l1-1-0.dll
 0001:00003a81       terminate                  0000000140004a81 f   ucrt:api-ms-win-crt-runtime-l1-1-0.dll
 0001:00003a87       IsDebuggerPresent          0000000140004a87 f   kernel32:KERNEL32.dll
 0001:00003a8d       MultiByteToWideChar        0000000140004a8d f   kernel32:KERNEL32.dll
 0001:00003a93       WideCharToMultiByte        0000000140004a93 f   kernel32:KERNEL32.dll
 0001:00003a99       QueryPerformanceCounter    0000000140004a99 f   kernel32:KERNEL32.dll
 0001:00003a9f       GetCurrentProcessId        0000000140004a9f f   kernel32:KERNEL32.dll
 0001:00003aa5       GetCurrentThreadId         0000000140004aa5 f   kernel32:KERNEL32.dll
 0001:00003aab       GetSystemTimeAsFileTime    0000000140004aab f   kernel32:KERNEL32.dll
 0001:00003ab1       InitializeSListHead        0000000140004ab1 f   kernel32:KERNEL32.dll
 0001:00003ab7       RtlCaptureContext          0000000140004ab7 f   kernel32:KERNEL32.dll
 0001:00003abd       RtlLookupFunctionEntry     0000000140004abd f   kernel32:KERNEL32.dll
 0001:00003ac3       RtlVirtualUnwind           0000000140004ac3 f   kernel32:KERNEL32.dll
 0001:00003ac9       UnhandledExceptionFilter   0000000140004ac9 f   kernel32:KERNEL32.dll
 0001:00003acf       SetUnhandledExceptionFilter 0000000140004acf f   kernel32:KERNEL32.dll
 0001:00003ad5       GetStartupInfoW            0000000140004ad5 f   kernel32:KERNEL32.dll
 0001:00003adb       IsProcessorFeaturePresent  0000000140004adb f   kernel32:KERNEL32.dll
 0001:00003ae1       GetModuleHandleW           0000000140004ae1 f   kernel32:KERNEL32.dll
 0001:00003ae7       GetLastError               0000000140004ae7 f   kernel32:KERNEL32.dll
 0001:00003aed       HeapAlloc                  0000000140004aed f   kernel32:KERNEL32.dll
 0001:00003af3       HeapFree                   0000000140004af3 f   kernel32:KERNEL32.dll
 0001:00003af9       GetProcessHeap             0000000140004af9 f   kernel32:KERNEL32.dll
 0001:00003aff       VirtualQuery               0000000140004aff f   kernel32:KERNEL32.dll
 0001:00003b05       FreeLibrary                0000000140004b05 f   kernel32:KERNEL32.dll
 0001:00003b0b       GetProcAddress             0000000140004b0b f   kernel32:KERNEL32.dll
 0001:00003b11       GetCurrentProcess          0000000140004b11 f   kernel32:KERNEL32.dll
 0001:00003b17       TerminateProcess           0000000140004b17 f   kernel32:KERNEL32.dll
 0001:00003b20       __acrt_initialize          0000000140004b20 f   MSVCRT:ucrt_stubs.obj
 0001:00003b20       __scrt_stub_for_acrt_initialize 0000000140004b20 f   MSVCRT:ucrt_stubs.obj
 0001:00003b20       __vcrt_initialize          0000000140004b20 f   MSVCRT:ucrt_stubs.obj
 0001:00003b24       __acrt_thread_attach       0000000140004b24 f   MSVCRT:ucrt_stubs.obj
 0001:00003b24       __scrt_stub_for_acrt_thread_attach 0000000140004b24 f   MSVCRT:ucrt_stubs.obj
 0001:00003b24       __vcrt_thread_attach       0000000140004b24 f   MSVCRT:ucrt_stubs.obj
 0001:00003b28       __acrt_thread_detach       0000000140004b28 f   MSVCRT:ucrt_stubs.obj
 0001:00003b28       __scrt_stub_for_acrt_thread_detach 0000000140004b28 f   MSVCRT:ucrt_stubs.obj
 0001:00003b28       __vcrt_thread_detach       0000000140004b28 f   MSVCRT:ucrt_stubs.obj
 0001:00003b2c       __acrt_uninitialize        0000000140004b2c f   MSVCRT:ucrt_stubs.obj
 0001:00003b2c       __scrt_stub_for_acrt_uninitialize 0000000140004b2c f   MSVCRT:ucrt_stubs.obj
 0001:00003b2c       __vcrt_uninitialize        0000000140004b2c f   MSVCRT:ucrt_stubs.obj
 0001:00003b30       __acrt_uninitialize_critical 0000000140004b30 f   MSVCRT:ucrt_stubs.obj
 0001:00003b30       __scrt_stub_for_acrt_uninitialize_critical 0000000140004b30 f   MSVCRT:ucrt_stubs.obj
 0001:00003b30       __vcrt_uninitialize_critical 0000000140004b30 f   MSVCRT:ucrt_stubs.obj
 0001:00003b34       __scrt_stub_for_is_c_termination_complete 0000000140004b34 f   MSVCRT:ucrt_stubs.obj
 0001:00003b34       _is_c_termination_complete 0000000140004b34 f   MSVCRT:ucrt_stubs.obj
 0001:00003b37       memcpy                     0000000140004b37 f   vcruntime:VCRUNTIME140.dll
 0001:00004d70       _guard_dispatch_icall_nop  0000000140005d70 f   MSVCRT:guard_dispatch.obj
 0001:00004d90       _guard_xfg_dispatch_icall_nop 0000000140005d90 f   MSVCRT:guard_xfg_dispatch.obj
 0002:00000000       __xc_a                     0000000140008000     MSVCRT:initializers.obj
 0002:00000220       __xc_z                     0000000140008220     MSVCRT:initializers.obj
 0002:00000330       __xi_a                     0000000140008330     MSVCRT:initializers.obj
 0002:00000660       __xi_z                     0000000140008660     MSVCRT:initializers.obj
 0002:00000770       __xp_a                     0000000140008770     MSVCRT:initializers.obj
 0002:00000880       __xp_z                     0000000140008880     MSVCRT:initializers.obj
 0002:00000990       __xt_a                     0000000140008990     MSVCRT:initializers.obj
 0002:00000aa0       __xt_z                     0000000140008aa0     MSVCRT:initializers.obj
 0002:000010d0       ??_C@_0NN@JMPELKLB@The?5value?5of?5ESP?5was?5not?5proper@ 00000001400090d0     MSVCRT:error.obj
 0002:000011e0       ??_C@_0BBN@ELNNILBE@A?5cast?5to?5a?5smaller?5data?5type?5h@ 00000001400091e0     MSVCRT:error.obj
 0002:00001338       ??_C@_0BN@BPOGFMJL@Stack?5memory?5was?5corrupted?$AN?6@ 0000000140009338     MSVCRT:error.obj
 0002:00001360       ??_C@_0DG@DAJCDLPN@A?5local?5variable?5was?5used?5befor@ 0000000140009360     MSVCRT:error.obj
 0002:000013a0       ??_C@_0CM@JMIDGKLA@Stack?5memory?5around?5_alloca?5was@ 00000001400093a0     MSVCRT:error.obj
 0002:000013d8       ??_C@_0BO@CHIONIOI@Unknown?5Runtime?5Check?5Error?$AN?6@ 00000001400093d8     MSVCRT:error.obj
 0002:00001400       ??_C@_1GM@CNOOJIHC@?$AAR?$AAu?$AAn?$AAt?$AAi?$AAm?$AAe?$AA?5?$AAC?$AAh?$AAe?$AAc?$AAk?$AA?5?$AAE@ 0000000140009400     MSVCRT:error.obj
 0002:00001490       ??_C@_1EA@NFKNIFJP@?$AAR?$AAu?$AAn?$AA?9?$AAT?$AAi?$AAm?$AAe?$AA?5?$AAC?$AAh?$AAe?$AAc?$AAk?$AA?5@ 0000000140009490     MSVCRT:error.obj
 0002:000014e0       ??_C@_0BB@PFFGGCJP@Unknown?5Filename@ 00000001400094e0     MSVCRT:error.obj
 0002:000014f8       ??_C@_0BE@GNBOBNCK@Unknown?5Module?5Name@ 00000001400094f8     MSVCRT:error.obj
 0002:00001510       ??_C@_0CA@IODNCDPG@Run?9Time?5Check?5Failure?5?$CD?$CFd?5?9?5?$CFs@ 0000000140009510     MSVCRT:error.obj
 0002:00001538       ??_C@_0CG@IAFNJNEE@Stack?5corrupted?5near?5unknown?5va@ 0000000140009538     MSVCRT:error.obj
 0002:00001568       ??_C@_05MKKEDADM@?$CF?42X?5@ 0000000140009568     MSVCRT:error.obj
 0002:00001570       ??_C@_0EJ@LJKNEOLN@Stack?5area?5around?5_alloca?5memor@ 0000000140009570     MSVCRT:error.obj
 0002:000015c8       ??_C@_01EEMJAFIK@?6@       00000001400095c8     MSVCRT:error.obj
 0002:000015cc       ??_C@_02LLMPMKNF@?$DO?5@   00000001400095cc     MSVCRT:error.obj
 0002:000015d0       ??_C@_08OMAHNMHJ@?6Data?3?5?$DM@ 00000001400095d0     MSVCRT:error.obj
 0002:000015e0       ??_C@_0CK@DKGBICFE@?6Allocation?5number?5within?5this?5@ 00000001400095e0     MSVCRT:error.obj
 0002:00001618       ??_C@_07DFDJCKFN@?6Size?3?5@ 0000000140009618     MSVCRT:error.obj
 0002:00001628       ??_C@_0N@MHFFIMFG@?6Address?3?50x@ 0000000140009628     MSVCRT:error.obj
 0002:00001640       ??_C@_0EI@CLEPFNGI@Stack?5area?5around?5_alloca?5memor@ 0000000140009640     MSVCRT:error.obj
 0002:00001698       ??_C@_0BK@ODNDAGKB@?$CFs?$CFs?$CFp?$CFs?$CFzd?$CFs?$CFd?$CFs?$CFs?$CFs?$CFs?$CFs@ 0000000140009698     MSVCRT:error.obj
 0002:000016b8       ??_C@_0DE@OHJBPMBP@A?5variable?5is?5being?5used?5withou@ 00000001400096b8     MSVCRT:error.obj
 0002:00001728       ??_C@_0BJ@HEGAHDFO@Stack?5pointer?5corruption@ 0000000140009728     MSVCRT:userapi.obj
 0002:00001748       ??_C@_0CK@FEGOIOPB@Cast?5to?5smaller?5type?5causing?5lo@ 0000000140009748     MSVCRT:userapi.obj
 0002:00001780       ??_C@_0BI@CIGMDCBH@Stack?5memory?5corruption@ 0000000140009780     MSVCRT:userapi.obj
 0002:000017a0       ??_C@_0CK@CNLNOEPB@Local?5variable?5used?5before?5init@ 00000001400097a0     MSVCRT:userapi.obj
 0002:000017d8       ??_C@_0BP@OGBCLIBO@Stack?5around?5_alloca?5corrupted@ 00000001400097d8     MSVCRT:userapi.obj
 0002:00001800       __xmm@ffffffffffffffffffffffffffffffff 0000000140009800     MSVCRT:utility.obj
 0002:00001850       ??_C@_1EI@MLPKHBGE@?$AAa?$AAp?$AAi?$AA?9?$AAm?$AAs?$AA?9?$AAw?$AAi?$AAn?$AA?9?$AAc?$AAo?$AAr?$AAe@ 0000000140009850     MSVCRT:pdblkup.obj
 0002:000018a8       ??_C@_1BK@JHLNAEJL@?$AAa?$AAd?$AAv?$AAa?$AAp?$AAi?$AA3?$AA2?$AA?4?$AAd?$AAl?$AAl@ 00000001400098a8     MSVCRT:pdblkup.obj
 0002:000018c8       ??_C@_0O@COHOBMLB@RegOpenKeyExW@ 00000001400098c8     MSVCRT:pdblkup.obj
 0002:000018d8       ??_C@_0BB@GLNAEDBD@RegQueryValueExW@ 00000001400098d8     MSVCRT:pdblkup.obj
 0002:000018f0       ??_C@_0M@HLOHPNFA@RegCloseKey@ 00000001400098f0     MSVCRT:pdblkup.obj
 0002:00001900       ??_C@_1HE@EBEAGLFB@?$AAS?$AAO?$AAF?$AAT?$AAW?$AAA?$AAR?$AAE?$AA?2?$AAW?$AAo?$AAw?$AA6?$AA4?$AA3@ 0000000140009900     MSVCRT:pdblkup.obj
 0002:00001990       ??_C@_1BG@EABPBLLF@?$AAP?$AAr?$AAo?$AAd?$AAu?$AAc?$AAt?$AAD?$AAi?$AAr@ 0000000140009990     MSVCRT:pdblkup.obj
 0002:000019b0       ??_C@_0BB@KCIACLNC@PDBOpenValidate5@ 00000001400099b0     MSVCRT:pdblkup.obj
 0002:000019c4       ??_C@_01KDCPPGHE@r@        00000001400099c4     MSVCRT:pdblkup.obj
 0002:000019e0       _load_config_used          00000001400099e0     MSVCRT:loadcfg.obj
 0002:00001d00       __CastGuardVftablesStart   0000000140009d00     MSVCRT:guard_support.obj
 0002:00001f00       __CastGuardVftablesEnd     0000000140009f00     MSVCRT:guard_support.obj
 0002:00002218       __rtc_iaa                  000000014000a218     MSVCRT:initsect.obj
 0002:00002438       __rtc_izz                  000000014000a438     MSVCRT:initsect.obj
 0002:00002548       __rtc_taa                  000000014000a548     MSVCRT:initsect.obj
 0002:00002768       __rtc_tzz                  000000014000a768     MSVCRT:initsect.obj
 0003:00000000       ?_RTC_ErrorLevels@@3PAHA   000000014000c000     MSVCRT:error.obj
 0003:00000018       __scrt_native_dllmain_reason 000000014000c018     MSVCRT:utility.obj
 0003:0000001c       __scrt_default_matherr     000000014000c01c     MSVCRT:matherr.obj
 0003:00000020       __security_cookie_complement 000000014000c020     MSVCRT:gs_cookie.obj
 0003:00000028       __security_cookie          000000014000c028     MSVCRT:gs_cookie.obj
 0003:00000038       __isa_available            000000014000c038     MSVCRT:cpu_disp.obj
 0003:0000003c       __isa_enabled              000000014000c03c     MSVCRT:cpu_disp.obj
 0003:00000040       __memset_fast_string_threshold 000000014000c040     MSVCRT:cpu_disp.obj
 0003:00000048       __memset_nt_threshold      000000014000c048     MSVCRT:cpu_disp.obj
 0003:00000060       __scrt_ucrt_dll_is_in_use  000000014000c060     MSVCRT:ucrt_stubs.obj
 0003:00000170       ?_OptionsStorage@?1??__local_stdio_printf_options@@9@4_KA 000000014000c170     main.obj
 0003:00000198       __scrt_current_native_startup_state 000000014000c198     MSVCRT:utility.obj
 0003:000001a0       __scrt_native_startup_lock 000000014000c1a0     MSVCRT:utility.obj
 0003:000001f0       ?__type_info_root_node@@3U__type_info_node@@A 000000014000c1f0     MSVCRT:tncleanup.obj
 0003:00000208       ?_OptionsStorage@?1??__local_stdio_scanf_options@@9@4_KA 000000014000c208     MSVCRT:default_local_stdio_options.obj
 0003:00000214       __scrt_debugger_hook_flag  000000014000c214     MSVCRT:utility_desktop.obj
 0003:00000224       __favor                    000000014000c224     MSVCRT:cpu_disp.obj
 0003:000008b8       __dyn_tls_dtor_callback    000000014000c8b8     <common>
 0003:000008d0       __dyn_tls_init_callback    000000014000c8d0     <common>
 0005:00000000       __imp_RaiseException       000000014000e000     kernel32:KERNEL32.dll
 0005:00000008       __imp_MultiByteToWideChar  000000014000e008     kernel32:KERNEL32.dll
 0005:00000010       __imp_WideCharToMultiByte  000000014000e010     kernel32:KERNEL32.dll
 0005:00000018       __imp_QueryPerformanceCounter 000000014000e018     kernel32:KERNEL32.dll
 0005:00000020       __imp_GetCurrentProcessId  000000014000e020     kernel32:KERNEL32.dll
 0005:00000028       __imp_GetCurrentThreadId   000000014000e028     kernel32:KERNEL32.dll
 0005:00000030       __imp_GetSystemTimeAsFileTime 000000014000e030     kernel32:KERNEL32.dll
 0005:00000038       __imp_InitializeSListHead  000000014000e038     kernel32:KERNEL32.dll
 0005:00000040       __imp_RtlCaptureContext    000000014000e040     kernel32:KERNEL32.dll
 0005:00000048       __imp_RtlLookupFunctionEntry 000000014000e048     kernel32:KERNEL32.dll
 0005:00000050       __imp_RtlVirtualUnwind     000000014000e050     kernel32:KERNEL32.dll
 0005:00000058       __imp_TerminateProcess     000000014000e058     kernel32:KERNEL32.dll
 0005:00000060       __imp_GetCurrentProcess    000000014000e060     kernel32:KERNEL32.dll
 0005:00000068       __imp_GetProcAddress       000000014000e068     kernel32:KERNEL32.dll
 0005:00000070       __imp_FreeLibrary          000000014000e070     kernel32:KERNEL32.dll
 0005:00000078       __imp_VirtualQuery         000000014000e078     kernel32:KERNEL32.dll
 0005:00000080       __imp_GetProcessHeap       000000014000e080     kernel32:KERNEL32.dll
 0005:00000088       __imp_HeapFree             000000014000e088     kernel32:KERNEL32.dll
 0005:00000090       __imp_HeapAlloc            000000014000e090     kernel32:KERNEL32.dll
 0005:00000098       __imp_GetLastError         000000014000e098     kernel32:KERNEL32.dll
 0005:000000a0       __imp_GetModuleHandleW     000000014000e0a0     kernel32:KERNEL32.dll
 0005:000000a8       __imp_IsProcessorFeaturePresent 000000014000e0a8     kernel32:KERNEL32.dll
 0005:000000b0       __imp_GetStartupInfoW      000000014000e0b0     kernel32:KERNEL32.dll
 0005:000000b8       __imp_SetUnhandledExceptionFilter 000000014000e0b8     kernel32:KERNEL32.dll
 0005:000000c0       __imp_UnhandledExceptionFilter 000000014000e0c0     kernel32:KERNEL32.dll
 0005:000000c8       __imp_IsDebuggerPresent    000000014000e0c8     kernel32:KERNEL32.dll
 0005:000000d0       \177KERNEL32_NULL_THUNK_DATA 000000014000e0d0     kernel32:KERNEL32.dll
 0005:00000150       __imp___current_exception_context 000000014000e150     vcruntime:VCRUNTIME140.dll
 0005:00000158       __imp___current_exception  000000014000e158     vcruntime:VCRUNTIME140.dll
 0005:00000160       __imp___vcrt_GetModuleFileNameW 000000014000e160     vcruntime:VCRUNTIME140.dll
 0005:00000168       __imp___C_specific_handler_noexcept 000000014000e168     vcruntime:VCRUNTIME140.dll
 0005:00000170       __imp__local_unwind        000000014000e170     vcruntime:VCRUNTIME140.dll
 0005:00000178       __imp___C_specific_handler 000000014000e178     vcruntime:VCRUNTIME140.dll
 0005:00000180       __imp___std_type_info_destroy_list 000000014000e180     vcruntime:VCRUNTIME140.dll
 0005:00000188       __imp_memset               000000014000e188     vcruntime:VCRUNTIME140.dll
 0005:00000190       __imp___vcrt_LoadLibraryExW 000000014000e190     vcruntime:VCRUNTIME140.dll
 0005:00000198       __imp_memcpy               000000014000e198     vcruntime:VCRUNTIME140.dll
 0005:000001a0       \177VCRUNTIME140_NULL_THUNK_DATA 000000014000e1a0     vcruntime:VCRUNTIME140.dll
 0005:00000208       __imp__set_new_mode        000000014000e208     ucrt:api-ms-win-crt-heap-l1-1-0.dll
 0005:00000210       \177api-ms-win-crt-heap-l1-1-0_NULL_THUNK_DATA 000000014000e210     ucrt:api-ms-win-crt-heap-l1-1-0.dll
 0005:00000268       __imp__configthreadlocale  000000014000e268     ucrt:api-ms-win-crt-locale-l1-1-0.dll
 0005:00000270       \177api-ms-win-crt-locale-l1-1-0_NULL_THUNK_DATA 000000014000e270     ucrt:api-ms-win-crt-locale-l1-1-0.dll
 0005:000002c8       __imp___setusermatherr     000000014000e2c8     ucrt:api-ms-win-crt-math-l1-1-0.dll
 0005:000002d0       \177api-ms-win-crt-math-l1-1-0_NULL_THUNK_DATA 000000014000e2d0     ucrt:api-ms-win-crt-math-l1-1-0.dll
 0005:00000328       __imp__seh_filter_exe      000000014000e328     ucrt:api-ms-win-crt-runtime-l1-1-0.dll
 0005:00000330       __imp__set_app_type        000000014000e330     ucrt:api-ms-win-crt-runtime-l1-1-0.dll
 0005:00000338       __imp_terminate            000000014000e338     ucrt:api-ms-win-crt-runtime-l1-1-0.dll
 0005:00000340       __imp__crt_at_quick_exit   000000014000e340     ucrt:api-ms-win-crt-runtime-l1-1-0.dll
 0005:00000348       __imp__crt_atexit          000000014000e348     ucrt:api-ms-win-crt-runtime-l1-1-0.dll
 0005:00000350       __imp__execute_onexit_table 000000014000e350     ucrt:api-ms-win-crt-runtime-l1-1-0.dll
 0005:00000358       __imp__configure_narrow_argv 000000014000e358     ucrt:api-ms-win-crt-runtime-l1-1-0.dll
 0005:00000360       __imp__initialize_narrow_environment 000000014000e360     ucrt:api-ms-win-crt-runtime-l1-1-0.dll
 0005:00000368       __imp__get_initial_narrow_environment 000000014000e368     ucrt:api-ms-win-crt-runtime-l1-1-0.dll
 0005:00000370       __imp__register_onexit_function 000000014000e370     ucrt:api-ms-win-crt-runtime-l1-1-0.dll
 0005:00000378       __imp__seh_filter_dll      000000014000e378     ucrt:api-ms-win-crt-runtime-l1-1-0.dll
 0005:00000380       __imp__register_thread_local_exe_atexit_callback 000000014000e380     ucrt:api-ms-win-crt-runtime-l1-1-0.dll
 0005:00000388       __imp__c_exit              000000014000e388     ucrt:api-ms-win-crt-runtime-l1-1-0.dll
 0005:00000390       __imp__cexit               000000014000e390     ucrt:api-ms-win-crt-runtime-l1-1-0.dll
 0005:00000398       __imp___p___argv           000000014000e398     ucrt:api-ms-win-crt-runtime-l1-1-0.dll
 0005:000003a0       __imp___p___argc           000000014000e3a0     ucrt:api-ms-win-crt-runtime-l1-1-0.dll
 0005:000003a8       __imp__initterm            000000014000e3a8     ucrt:api-ms-win-crt-runtime-l1-1-0.dll
 0005:000003b0       __imp__exit                000000014000e3b0     ucrt:api-ms-win-crt-runtime-l1-1-0.dll
 0005:000003b8       __imp_exit                 000000014000e3b8     ucrt:api-ms-win-crt-runtime-l1-1-0.dll
 0005:000003c0       __imp__initterm_e          000000014000e3c0     ucrt:api-ms-win-crt-runtime-l1-1-0.dll
 0005:000003c8       __imp__initialize_onexit_table 000000014000e3c8     ucrt:api-ms-win-crt-runtime-l1-1-0.dll
 0005:000003d0       \177api-ms-win-crt-runtime-l1-1-0_NULL_THUNK_DATA 000000014000e3d0     ucrt:api-ms-win-crt-runtime-l1-1-0.dll
 0005:00000448       __imp___acrt_iob_func      000000014000e448     ucrt:api-ms-win-crt-stdio-l1-1-0.dll
 0005:00000450       __imp_puts                 000000014000e450     ucrt:api-ms-win-crt-stdio-l1-1-0.dll
 0005:00000458       __imp___stdio_common_vsprintf_s 000000014000e458     ucrt:api-ms-win-crt-stdio-l1-1-0.dll
 0005:00000460       __imp___p__commode         000000014000e460     ucrt:api-ms-win-crt-stdio-l1-1-0.dll
 0005:00000468       __imp__set_fmode           000000014000e468     ucrt:api-ms-win-crt-stdio-l1-1-0.dll
 0005:00000470       __imp___stdio_common_vfprintf 000000014000e470     ucrt:api-ms-win-crt-stdio-l1-1-0.dll
 0005:00000478       \177api-ms-win-crt-stdio-l1-1-0_NULL_THUNK_DATA 000000014000e478     ucrt:api-ms-win-crt-stdio-l1-1-0.dll
 0005:000004d8       __imp_strcpy_s             000000014000e4d8     ucrt:api-ms-win-crt-string-l1-1-0.dll
 0005:000004e0       __imp_strcat_s             000000014000e4e0     ucrt:api-ms-win-crt-string-l1-1-0.dll
 0005:000004e8       \177api-ms-win-crt-string-l1-1-0_NULL_THUNK_DATA 000000014000e4e8     ucrt:api-ms-win-crt-string-l1-1-0.dll
 0005:00000540       __IMPORT_DESCRIPTOR_KERNEL32 000000014000e540     kernel32:KERNEL32.dll
 0005:00000554       __IMPORT_DESCRIPTOR_VCRUNTIME140 000000014000e554     vcruntime:VCRUNTIME140.dll
 0005:00000568       __IMPORT_DESCRIPTOR_api-ms-win-crt-stdio-l1-1-0 000000014000e568     ucrt:api-ms-win-crt-stdio-l1-1-0.dll
 0005:0000057c       __IMPORT_DESCRIPTOR_api-ms-win-crt-runtime-l1-1-0 000000014000e57c     ucrt:api-ms-win-crt-runtime-l1-1-0.dll
 0005:00000590       __IMPORT_DESCRIPTOR_api-ms-win-crt-math-l1-1-0 000000014000e590     ucrt:api-ms-win-crt-math-l1-1-0.dll
 0005:000005a4       __IMPORT_DESCRIPTOR_api-ms-win-crt-locale-l1-1-0 000000014000e5a4     ucrt:api-ms-win-crt-locale-l1-1-0.dll
 0005:000005b8       __IMPORT_DESCRIPTOR_api-ms-win-crt-heap-l1-1-0 000000014000e5b8     ucrt:api-ms-win-crt-heap-l1-1-0.dll
 0005:000005cc       __IMPORT_DESCRIPTOR_api-ms-win-crt-string-l1-1-0 000000014000e5cc     ucrt:api-ms-win-crt-string-l1-1-0.dll
 0005:000005e0       __NULL_IMPORT_DESCRIPTOR   000000014000e5e0     kernel32:KERNEL32.dll
 0006:00000000       __guard_check_icall_fptr   0000000140010000     MSVCRT:guard_support.obj
 0006:00000010       __guard_xfg_check_icall_fptr 0000000140010010     MSVCRT:guard_support.obj
 0006:00000020       __guard_dispatch_icall_fptr 0000000140010020     MSVCRT:guard_support.obj
 0006:00000030       __guard_xfg_dispatch_icall_fptr 0000000140010030     MSVCRT:guard_support.obj
 0006:00000040       __guard_xfg_table_dispatch_icall_fptr 0000000140010040     MSVCRT:guard_support.obj
 0006:00000050       __castguard_check_failure_os_handled_fptr 0000000140010050     MSVCRT:guard_support.obj
 0006:00000060       __guard_memcpy_fptr        0000000140010060     vcruntime:softmemtag.obj

 entry point at        0001:00000190

 Static symbols

 0000:00000000       _volmd                     0000000140000000     main.obj
 0000:fffed000       .debug$S                   0000000140000000     ucrt:api-ms-win-crt-heap-l1-1-0.dll
 0000:fffed000       .debug$S                   0000000140000000     ucrt:api-ms-win-crt-locale-l1-1-0.dll
 0000:fffed000       .debug$S                   0000000140000000     ucrt:api-ms-win-crt-math-l1-1-0.dll
 0000:fffed000       .debug$S                   0000000140000000     ucrt:api-ms-win-crt-runtime-l1-1-0.dll
 0000:fffed000       .debug$S                   0000000140000000     ucrt:api-ms-win-crt-runtime-l1-1-0.dll
 0000:fffed000       .debug$S                   0000000140000000     ucrt:api-ms-win-crt-runtime-l1-1-0.dll
 0000:fffed000       .debug$S                   0000000140000000     ucrt:api-ms-win-crt-runtime-l1-1-0.dll
 0000:fffed000       .debug$S                   0000000140000000     ucrt:api-ms-win-crt-runtime-l1-1-0.dll
 0000:fffed000       .debug$S                   0000000140000000     ucrt:api-ms-win-crt-runtime-l1-1-0.dll
 0000:fffed000       .debug$S                   0000000140000000     ucrt:api-ms-win-crt-runtime-l1-1-0.dll
 0000:fffed000       .debug$S                   0000000140000000     ucrt:api-ms-win-crt-runtime-l1-1-0.dll
 0000:fffed000       .debug$S                   0000000140000000     ucrt:api-ms-win-crt-runtime-l1-1-0.dll
 0000:fffed000       .debug$S                   0000000140000000     ucrt:api-ms-win-crt-runtime-l1-1-0.dll
 0000:fffed000       .debug$S                   0000000140000000     ucrt:api-ms-win-crt-runtime-l1-1-0.dll
 0000:fffed000       .debug$S                   0000000140000000     ucrt:api-ms-win-crt-runtime-l1-1-0.dll
 0000:fffed000       .debug$S                   0000000140000000     ucrt:api-ms-win-crt-runtime-l1-1-0.dll
 0000:fffed000       .debug$S                   0000000140000000     ucrt:api-ms-win-crt-runtime-l1-1-0.dll
 0000:fffed000       .debug$S                   0000000140000000     ucrt:api-ms-win-crt-runtime-l1-1-0.dll
 0000:fffed000       .debug$S                   0000000140000000     ucrt:api-ms-win-crt-runtime-l1-1-0.dll
 0000:fffed000       .debug$S                   0000000140000000     ucrt:api-ms-win-crt-runtime-l1-1-0.dll
 0000:fffed000       .debug$S                   0000000140000000     ucrt:api-ms-win-crt-runtime-l1-1-0.dll
 0000:fffed000       .debug$S                   0000000140000000     ucrt:api-ms-win-crt-runtime-l1-1-0.dll
 0000:fffed000       .debug$S                   0000000140000000     ucrt:api-ms-win-crt-runtime-l1-1-0.dll
 0000:fffed000       .debug$S                   0000000140000000     ucrt:api-ms-win-crt-runtime-l1-1-0.dll
 0000:fffed000       .debug$S                   0000000140000000     ucrt:api-ms-win-crt-stdio-l1-1-0.dll
 0000:fffed000       .debug$S                   0000000140000000     ucrt:api-ms-win-crt-stdio-l1-1-0.dll
 0000:fffed000       .debug$S                   0000000140000000     ucrt:api-ms-win-crt-stdio-l1-1-0.dll
 0000:fffed000       .debug$S                   0000000140000000     ucrt:api-ms-win-crt-stdio-l1-1-0.dll
 0000:fffed000       .debug$S                   0000000140000000     ucrt:api-ms-win-crt-stdio-l1-1-0.dll
 0000:fffed000       .debug$S                   0000000140000000     ucrt:api-ms-win-crt-stdio-l1-1-0.dll
 0000:fffed000       .debug$S                   0000000140000000     ucrt:api-ms-win-crt-string-l1-1-0.dll
 0000:fffed000       .debug$S                   0000000140000000     ucrt:api-ms-win-crt-string-l1-1-0.dll
 0000:fffed000       .debug$S                   0000000140000000     kernel32:KERNEL32.dll
 0000:fffed000       .debug$S                   0000000140000000     kernel32:KERNEL32.dll
 0000:fffed000       .debug$S                   0000000140000000     kernel32:KERNEL32.dll
 0000:fffed000       .debug$S                   0000000140000000     kernel32:KERNEL32.dll
 0000:fffed000       .debug$S                   0000000140000000     kernel32:KERNEL32.dll
 0000:fffed000       .debug$S                   0000000140000000     kernel32:KERNEL32.dll
 0000:fffed000       .debug$S                   0000000140000000     kernel32:KERNEL32.dll
 0000:fffed000       .debug$S                   0000000140000000     kernel32:KERNEL32.dll
 0000:fffed000       .debug$S                   0000000140000000     kernel32:KERNEL32.dll
 0000:fffed000       .debug$S                   0000000140000000     kernel32:KERNEL32.dll
 0000:fffed000       .debug$S                   0000000140000000     kernel32:KERNEL32.dll
 0000:fffed000       .debug$S                   0000000140000000     kernel32:KERNEL32.dll
 0000:fffed000       .debug$S                   0000000140000000     kernel32:KERNEL32.dll
 0000:fffed000       .debug$S                   0000000140000000     kernel32:KERNEL32.dll
 0000:fffed000       .debug$S                   0000000140000000     kernel32:KERNEL32.dll
 0000:fffed000       .debug$S                   0000000140000000     kernel32:KERNEL32.dll
 0000:fffed000       .debug$S                   0000000140000000     kernel32:KERNEL32.dll
 0000:fffed000       .debug$S                   0000000140000000     kernel32:KERNEL32.dll
 0000:fffed000       .debug$S                   0000000140000000     kernel32:KERNEL32.dll
 0000:fffed000       .debug$S                   0000000140000000     kernel32:KERNEL32.dll
 0000:fffed000       .debug$S                   0000000140000000     kernel32:KERNEL32.dll
 0000:fffed000       .debug$S                   0000000140000000     kernel32:KERNEL32.dll
 0000:fffed000       .debug$S                   0000000140000000     kernel32:KERNEL32.dll
 0000:fffed000       .debug$S                   0000000140000000     kernel32:KERNEL32.dll
 0000:fffed000       .debug$S                   0000000140000000     kernel32:KERNEL32.dll
 0000:fffed000       .debug$S                   0000000140000000     kernel32:KERNEL32.dll
 0000:00000000       _volmd                     0000000140000000     MSVCRT:cpu_disp.obj
 0000:ffff0000       __guard_ehcont_?notify_debugger@@YAXAEBUtagEXCEPTION_VISUALCPP_DEBUG_INFO@@@Z 0000000140000000     MSVCRT:error.obj
 0000:ffff0000       __guard_ehcont_?__scrt_common_main_seh@@YAHXZ 0000000140000000     MSVCRT:exe_main.obj
 0000:ffff0000       __guard_fids_?pre_c_initialization@@YAHXZ 0000000140000000     MSVCRT:exe_main.obj
 0000:ffff0000       __guard_fids__             0000000140000000     MSVCRT:exe_main.obj
 0000:00000000       _volmd                     0000000140000000     MSVCRT:gs_report.obj
 0000:00000000       _volmd                     0000000140000000     MSVCRT:gs_report.obj
 0000:00000000       _volmd                     0000000140000000     MSVCRT:gs_report.obj
 0000:ffff0000       __guard_fids__             0000000140000000     MSVCRT:guard_support.obj
 0000:ffff0000       __guard_fids__             0000000140000000     MSVCRT:guard_support.obj
 0000:ffff0000       __guard_fids__guard_icall_checks_enforced 0000000140000000     MSVCRT:guard_support.obj
 0000:00000000       _volmd                     0000000140000000     MSVCRT:guard_support.obj
 0000:00000000       _volmd                     0000000140000000     MSVCRT:guard_support.obj
 0000:00000000       _volmd                     0000000140000000     MSVCRT:guard_support.obj
 0000:00000000       _volmd                     0000000140000000     MSVCRT:guard_support.obj
 0000:00000000       _volmd                     0000000140000000     MSVCRT:guard_support.obj
 0000:00000000       _volmd                     0000000140000000     MSVCRT:guard_support.obj
 0002:ffff8000       $unwind$?configure_argv@__scrt_narrow_argv_policy@@SAHXZ 0000000140000000     MSVCRT:utility.obj
 0000:ffff0000       __guard_ehcont___scrt_is_nonwritable_in_current_image 0000000140000000     MSVCRT:utility.obj
 0000:00000000       _volmd                     0000000140000000     MSVCRT:utility.obj
 0000:00000000       _volmd                     0000000140000000     MSVCRT:utility.obj
 0000:00000000       _volmd                     0000000140000000     MSVCRT:utility.obj
 0000:ffff0000       __guard_fids___scrt_set_unhandled_exception_filter 0000000140000000     MSVCRT:utility_desktop.obj
 0000:00000000       _volmd                     0000000140000000     MSVCRT:utility_desktop.obj
 0000:ffff0000       __guard_fids__             0000000140000000     vcruntime:softmemtag.obj
 0000:fffed000       .debug$S                   0000000140000000     vcruntime:VCRUNTIME140.dll
 0000:fffed000       .debug$S                   0000000140000000     vcruntime:VCRUNTIME140.dll
 0000:fffed000       .debug$S                   0000000140000000     vcruntime:VCRUNTIME140.dll
 0000:fffed000       .debug$S                   0000000140000000     vcruntime:VCRUNTIME140.dll
 0000:fffed000       .debug$S                   0000000140000000     vcruntime:VCRUNTIME140.dll
 0000:fffed000       .debug$S                   0000000140000000     vcruntime:VCRUNTIME140.dll
 0000:fffed000       .debug$S                   0000000140000000     vcruntime:VCRUNTIME140.dll
 0000:fffed000       .debug$S                   0000000140000000     vcruntime:VCRUNTIME140.dll
 0000:fffed000       .debug$S                   0000000140000000     vcruntime:VCRUNTIME140.dll
 0000:fffed000       .debug$S                   0000000140000000     vcruntime:VCRUNTIME140.dll
 0000:ffff0004       __guard_fids__             0000000140000004     MSVCRT:exe_main.obj
 0000:ffff0008       __guard_fids__             0000000140000008     MSVCRT:exe_main.obj
 0000:00000010       _volmd                     0000000140000010     main.obj
 0000:00000020       _volmd                     0000000140000020     main.obj
 0000:00000030       _volmd                     0000000140000030     main.obj
 0000:00000040       _volmd                     0000000140000040     main.obj
 0000:00000050       _volmd                     0000000140000050     main.obj
 0000:00000060       _volmd                     0000000140000060     main.obj
 0000:00000070       _volmd                     0000000140000070     main.obj
 0000:00000080       _volmd                     0000000140000080     main.obj
 0001:000007dc       $LN28                      00000001400017dc     main.obj
 0001:00000818       $LN27                      0000000140001818     main.obj
 0001:00000e74       ?pre_c_initialization@@YAHXZ 0000000140001e74 f   MSVCRT:exe_main.obj
 0001:00000f58       ?post_pgo_initialization@@YAHXZ 0000000140001f58 f   MSVCRT:exe_main.obj
 0001:00000f6c       ?pre_cpp_initialization@@YAXXZ 0000000140001f6c f   MSVCRT:exe_main.obj
 0001:00000f8c       ?__scrt_common_main@@YAHXZ 0000000140001f8c f   MSVCRT:exe_main.obj
 0001:00000fa4       ?__scrt_common_main_seh@@YAHXZ 0000000140001fa4 f   MSVCRT:exe_main.obj
 0001:000011a4       ?invoke_main@@YAHXZ        00000001400021a4 f   MSVCRT:exe_main.obj
 0001:00001248       ?DebuggerProbe@@YA_NK@Z    0000000140002248 f   MSVCRT:error.obj
 0001:0000128c       ?DebuggerRuntime@@YA_NKHPEAXPEB_W@Z 000000014000228c f   MSVCRT:error.obj
 0001:00001654       ?_getMemBlockDataString@@YAXPEAD0PEBD_K@Z 0000000140002654 f   MSVCRT:error.obj
 0001:00001724       ?_strlen_priv@@YA_KPEBD@Z  0000000140002724 f   MSVCRT:error.obj
 0001:0000173c       ?failwithmessage@@YAXPEAXHHPEBD@Z 000000014000273c f   MSVCRT:error.obj
 0001:00001a78       ?notify_debugger@@YAXAEBUtagEXCEPTION_VISUALCPP_DEBUG_INFO@@@Z 0000000140002a78 f   MSVCRT:error.obj
 0001:00001d20       ?find_pe_section@@YAPEAU_IMAGE_SECTION_HEADER@@QEAE_K@Z 0000000140002d20 f   MSVCRT:utility.obj
 0001:00001d7c       ?is_potentially_valid_image_base@@YA_NQEAX@Z 0000000140002d7c f   MSVCRT:utility.obj
 0001:00002244       __get_entropy              0000000140003244 f   MSVCRT:gs_support.obj
 0001:00002880       __castguard_check_failure_os_handled_wrapper 0000000140003880 f   MSVCRT:guard_support.obj
 0001:000028a8       __castguard_compat_check   00000001400038a8 f   MSVCRT:guard_support.obj
 0001:000029c4       __castguard_slow_path_compat_check 00000001400039c4 f   MSVCRT:guard_support.obj
 0001:00002a04       ?GetPdbDll@@YAPEAUHINSTANCE__@@XZ 0000000140003a04 f   MSVCRT:pdblkup.obj
 0001:00002a24       ?GetPdbDllFromInstallPath@@YAPEAUHINSTANCE__@@XZ 0000000140003a24 f   MSVCRT:pdblkup.obj
 0001:00003290       $$000000                   0000000140004290     MSVCRT:amdsecgs.obj
 0001:0000387c       capture_current_context    000000014000487c f   MSVCRT:gs_report.obj
 0001:00003904       capture_previous_context   0000000140004904 f   MSVCRT:gs_report.obj
 0001:00004d60       $$000000                   0000000140005d60     MSVCRT:guard_dispatch.obj
 0001:00004d80       $$000000                   0000000140005d80     MSVCRT:guard_xfg_dispatch.obj
 0001:00005da0       msvc_SEH_1$filt$0          0000000140006da0 f   main.obj
 0001:00005dc0       msvc_SEH_2$filt$0          0000000140006dc0 f   main.obj
 0001:00005de0       msvc_SEH_2$filt$1          0000000140006de0 f   main.obj
 0001:00005e00       msvc_SEH_3$filt$0          0000000140006e00 f   main.obj
 0001:00005e20       msvc_SEH_3$filt$1          0000000140006e20 f   main.obj
 0001:00005e40       msvc_SEH_4$filt$0          0000000140006e40 f   main.obj
 0001:00005e60       msvc_SEH_4$filt$1          0000000140006e60 f   main.obj
 0001:00005e80       msvc_SEH_5$filt$0          0000000140006e80 f   main.obj
 0001:00005eb6       msvc_SEH_6$fin$0           0000000140006eb6 f   main.obj
 0001:00005f2e       ?filt$0@?0??__scrt_common_main_seh@@YAHXZ@4HA 0000000140006f2e f   MSVCRT:exe_main.obj
 0001:00005f53       ?filt$0@?0??notify_debugger@@YAXAEBUtagEXCEPTION_VISUALCPP_DEBUG_INFO@@@Z@4HA 0000000140006f53 f   MSVCRT:error.obj
 0001:00005f7b       __scrt_is_nonwritable_in_current_image$filt$0 0000000140006f7b f   MSVCRT:utility.obj
 0002:00000110       ?pre_cpp_initializer@@3P6AXXZEA 0000000140008110     MSVCRT:exe_main.obj
 0002:00000440       ?pre_c_initializer@@3P6AHXZEA 0000000140008440     MSVCRT:exe_main.obj
 0002:00000550       ?post_pgo_initializer@@3P6AHXZEA 0000000140008550     MSVCRT:exe_main.obj
 0002:00000bb0       ?_Fake_alloc@std@@3U_Fake_allocator@1@B 0000000140008bb0     main.obj
 0002:00000bb8       $SG121808                  0000000140008bb8     main.obj
 0002:00000bd0       $SG121810                  0000000140008bd0     main.obj
 0002:00000bf0       $SG121811                  0000000140008bf0     main.obj
 0002:00000c00       $SG121815                  0000000140008c00     main.obj
 0002:00000c10       $SG121817                  0000000140008c10     main.obj
 0002:00000c20       $SG121818                  0000000140008c20     main.obj
 0002:00000c30       $SG121819                  0000000140008c30     main.obj
 0002:00000c40       $SG121823                  0000000140008c40     main.obj
 0002:00000c50       $SG121824                  0000000140008c50     main.obj
 0002:00000c60       $SG121826                  0000000140008c60     main.obj
 0002:00000c70       $SG121827                  0000000140008c70     main.obj
 0002:00000c80       $SG121831                  0000000140008c80     main.obj
 0002:00000c90       $SG121833                  0000000140008c90     main.obj
 0002:00000ca0       $SG121834                  0000000140008ca0     main.obj
 0002:00000cb0       $SG121835                  0000000140008cb0     main.obj
 0002:00000cc0       $SG121860                  0000000140008cc0     main.obj
 0002:00000ce0       $SG121862                  0000000140008ce0     main.obj
 0002:00000d08       $SG121864                  0000000140008d08     main.obj
 0002:00000d28       $SG121866                  0000000140008d28     main.obj
 0002:00000d48       $SG121868                  0000000140008d48     main.obj
 0002:00000d68       $SG121876                  0000000140008d68     main.obj
 0002:00000d88       $SG121878                  0000000140008d88     main.obj
 0002:00000da8       $SG121880                  0000000140008da8     main.obj
 0002:00000dc8       $SG121882                  0000000140008dc8     main.obj
 0002:00000de8       $SG121884                  0000000140008de8     main.obj
 0002:00000e08       $SG121886                  0000000140008e08     main.obj
 0002:00000e28       $SG121888                  0000000140008e28     main.obj
 0002:00000e48       $SG121892                  0000000140008e48     main.obj
 0002:00000e70       $SG121893                  0000000140008e70     main.obj
 0002:00000e90       $SG121897                  0000000140008e90     main.obj
 0002:00000e98       $SG121898                  0000000140008e98     main.obj
 0002:00000ea8       $SG121902                  0000000140008ea8     main.obj
 0002:00000eb0       $SG121903                  0000000140008eb0     main.obj
 0002:00000ec0       $SG121904                  0000000140008ec0     main.obj
 0002:00000f70       printf$rtcName$0           0000000140008f70     main.obj
 0002:00000f80       printf$rtcVarDesc          0000000140008f80     main.obj
 0002:00000fc0       printf$rtcFrameData        0000000140008fc0     main.obj
 0002:00000fe8       ?_RTC_ErrorMessages@@3QBQEBDB 0000000140008fe8     MSVCRT:error.obj
 0002:00001018       ?_RTC_NoFalsePositives@@3QBHB 0000000140009018     MSVCRT:error.obj
 0002:00001030       ?stack_premsg@@3QBDB       0000000140009030     MSVCRT:error.obj
 0002:00001050       ?stack_postmsg@@3QBDB      0000000140009050     MSVCRT:error.obj
 0002:00001068       ?uninit_premsg@@3QBDB      0000000140009068     MSVCRT:error.obj
 0002:00001078       ?uninit_postmsg@@3QBDB     0000000140009078     MSVCRT:error.obj
 0002:000016f8       ?_RTC_errlist@@3QBQEBDB    00000001400096f8     MSVCRT:userapi.obj
 0002:00001818       ?mspdbName@@3QB_WB         0000000140009818     MSVCRT:pdblkup.obj
 0002:000019c8       GS_ExceptionPointers       00000001400099c8     MSVCRT:gs_report.obj
 0002:00002328       _RTC_InitBase.rtc$IMZ      000000014000a328     main.obj
 0002:00002658       _RTC_Shutdown.rtc$TMZ      000000014000a658     main.obj
 0002:00002878       $unwind$__local_stdio_printf_options 000000014000a878     main.obj
 0002:00002880       $unwind$_vfprintf_l        000000014000a880     main.obj
 0002:00002888       $unwind$printf             000000014000a888     main.obj
 0002:00002890       $unwind$msvc_SEH_1         000000014000a890     main.obj
 0002:000028b0       $unwind$msvc_SEH_1$filt$0  000000014000a8b0     main.obj
 0002:000028bc       $unwind$msvc_SEH_2         000000014000a8bc     main.obj
 0002:000028ec       $unwind$msvc_SEH_2$filt$0  000000014000a8ec     main.obj
 0002:000028f8       $unwind$msvc_SEH_2$filt$1  000000014000a8f8     main.obj
 0002:00002904       $unwind$msvc_SEH_3         000000014000a904     main.obj
 0002:00002934       $unwind$msvc_SEH_3$filt$0  000000014000a934     main.obj
 0002:00002940       $unwind$msvc_SEH_3$filt$1  000000014000a940     main.obj
 0002:0000294c       $unwind$msvc_SEH_4         000000014000a94c     main.obj
 0002:0000297c       $unwind$msvc_SEH_4$filt$0  000000014000a97c     main.obj
 0002:00002988       $unwind$msvc_SEH_4$filt$1  000000014000a988     main.obj
 0002:00002994       $unwind$?seh_filer@@YAHH@Z 000000014000a994     main.obj
 0002:0000299c       $unwind$msvc_SEH_5         000000014000a99c     main.obj
 0002:000029bc       $unwind$msvc_SEH_5$filt$0  000000014000a9bc     main.obj
 0002:000029c8       $unwind$msvc_SEH_6         000000014000a9c8     main.obj
 0002:000029e8       $unwind$msvc_SEH_6$fin$0   000000014000a9e8     main.obj
 0002:000029f4       $unwind$main               000000014000a9f4     main.obj
 0002:00002a20       $unwind$_RTC_CheckStackVars 000000014000aa20     MSVCRT:stack.obj
 0002:00002a38       $unwind$_RTC_CheckStackVars2 000000014000aa38     MSVCRT:stack.obj
 0002:00002a54       $unwind$_RTC_AllocaHelper  000000014000aa54     MSVCRT:stack.obj
 0002:00002a5c       $unwind$_RTC_InitBase      000000014000aa5c     MSVCRT:init.obj
 0002:00002a64       $unwind$?configure_argv@__scrt_narrow_argv_policy@@SAHXZ 000000014000aa64     MSVCRT:exe_main.obj
 0002:00002a6c       $unwind$?set_fmode@__scrt_file_policy@@SAXXZ 000000014000aa6c     MSVCRT:exe_main.obj
 0002:00002a74       $unwind$?set_commode@__scrt_file_policy@@SAXXZ 000000014000aa74     MSVCRT:exe_main.obj
 0002:00002a7c       $unwind$?invoke_main@@YAHXZ 000000014000aa7c     MSVCRT:exe_main.obj
 0002:00002a8c       $unwind$?pre_c_initialization@@YAHXZ 000000014000aa8c     MSVCRT:exe_main.obj
 0002:00002a94       $unwind$?post_pgo_initialization@@YAHXZ 000000014000aa94     MSVCRT:exe_main.obj
 0002:00002a9c       $unwind$?pre_cpp_initialization@@YAXXZ 000000014000aa9c     MSVCRT:exe_main.obj
 0002:00002aa4       $unwind$?__scrt_common_main_seh@@YAHXZ 000000014000aaa4     MSVCRT:exe_main.obj
 0002:00002ae4       $unwind$?filt$0@?0??__scrt_common_main_seh@@YAHXZ@4HA 000000014000aae4     MSVCRT:exe_main.obj
 0002:00002aec       $unwind$?__scrt_common_main@@YAHXZ 000000014000aaec     MSVCRT:exe_main.obj
 0002:00002af4       $unwind$mainCRTStartup     000000014000aaf4     MSVCRT:exe_main.obj
 0002:00002afc       $unwind$_RTC_UninitUse     000000014000aafc     MSVCRT:error.obj
 0002:00002b1c       $unwind$?_RTC_Failure@@YAXPEAXH@Z 000000014000ab1c     MSVCRT:error.obj
 0002:00002b24       $unwind$?_RTC_StackFailure@@YAXPEAXPEBD@Z 000000014000ab24     MSVCRT:error.obj
 0002:00002b44       $unwind$?_RTC_AllocaFailure@@YAXPEAXPEAU_RTC_ALLOCA_NODE@@H@Z 000000014000ab44     MSVCRT:error.obj
 0002:00002b6c       $unwind$_vsprintf_s_l      000000014000ab6c     MSVCRT:error.obj
 0002:00002b84       $unwind$sprintf_s          000000014000ab84     MSVCRT:error.obj
 0002:00002b98       $unwind$?notify_debugger@@YAXAEBUtagEXCEPTION_VISUALCPP_DEBUG_INFO@@@Z 000000014000ab98     MSVCRT:error.obj
 0002:00002bbc       $unwind$?filt$0@?0??notify_debugger@@YAXAEBUtagEXCEPTION_VISUALCPP_DEBUG_INFO@@@Z@4HA 000000014000abbc     MSVCRT:error.obj
 0002:00002bc4       $unwind$?DebuggerProbe@@YA_NK@Z 000000014000abc4     MSVCRT:error.obj
 0002:00002bcc       $unwind$?DebuggerRuntime@@YA_NKHPEAXPEB_W@Z 000000014000abcc     MSVCRT:error.obj
 0002:00002bd4       $unwind$?failwithmessage@@YAXPEAXHHPEBD@Z 000000014000abd4     MSVCRT:error.obj
 0002:00002bf8       $unwind$?_getMemBlockDataString@@YAXPEAD0PEBD_K@Z 000000014000abf8     MSVCRT:error.obj
 0002:00002c18       $unwind$atexit             000000014000ac18     MSVCRT:utility.obj
 0002:00002c20       $unwind$_onexit            000000014000ac20     MSVCRT:utility.obj
 0002:00002c28       $unwind$__scrt_is_nonwritable_in_current_image 000000014000ac28     MSVCRT:utility.obj
 0002:00002c4c       $unwind$__scrt_is_nonwritable_in_current_image$filt$0 000000014000ac4c     MSVCRT:utility.obj
 0002:00002c54       $unwind$__scrt_acquire_startup_lock 000000014000ac54     MSVCRT:utility.obj
 0002:00002c5c       $unwind$__scrt_release_startup_lock 000000014000ac5c     MSVCRT:utility.obj
 0002:00002c64       $unwind$__scrt_initialize_crt 000000014000ac64     MSVCRT:utility.obj
 0002:00002c6c       $unwind$__scrt_uninitialize_crt 000000014000ac6c     MSVCRT:utility.obj
 0002:00002c74       $unwind$__scrt_initialize_onexit_tables 000000014000ac74     MSVCRT:utility.obj
 0002:00002c7c       $unwind$__scrt_dllmain_exception_filter 000000014000ac7c     MSVCRT:utility.obj
 0002:00002c94       $unwind$__scrt_dllmain_before_initialize_c 000000014000ac94     MSVCRT:utility.obj
 0002:00002c9c       $unwind$__scrt_dllmain_after_initialize_c 000000014000ac9c     MSVCRT:utility.obj
 0002:00002ca4       $unwind$__scrt_dllmain_uninitialize_c 000000014000aca4     MSVCRT:utility.obj
 0002:00002cac       $unwind$__scrt_dllmain_uninitialize_critical 000000014000acac     MSVCRT:utility.obj
 0002:00002cb4       $unwind$__scrt_dllmain_crt_thread_attach 000000014000acb4     MSVCRT:utility.obj
 0002:00002cbc       $unwind$__scrt_dllmain_crt_thread_detach 000000014000acbc     MSVCRT:utility.obj
 0002:00002cc4       $unwind$__security_init_cookie 000000014000acc4     MSVCRT:gs_support.obj
 0002:00002cd4       $unwind$__get_entropy      000000014000acd4     MSVCRT:gs_support.obj
 0002:00002cdc       $unwind$__scrt_initialize_default_local_stdio_options 000000014000acdc     MSVCRT:default_local_stdio_options.obj
 0002:00002ce4       $unwind$__scrt_get_show_window_mode 000000014000ace4     MSVCRT:utility_desktop.obj
 0002:00002cec       $unwind$__scrt_is_managed_app 000000014000acec     MSVCRT:utility_desktop.obj
 0002:00002cf4       $unwind$__scrt_fastfail    000000014000acf4     MSVCRT:utility_desktop.obj
 0002:00002d08       $unwind$__scrt_unhandled_exception_filter 000000014000ad08     MSVCRT:utility_desktop.obj
 0002:00002d18       $unwind$_RTC_Initialize    000000014000ad18     MSVCRT:initsect.obj
 0002:00002d28       $unwind$_RTC_Terminate     000000014000ad28     MSVCRT:initsect.obj
 0002:00002d38       $unwind$__castguard_check_failure_os_handled_wrapper 000000014000ad38     MSVCRT:guard_support.obj
 0002:00002d40       $unwind$__castguard_check_failure_os_handled 000000014000ad40     MSVCRT:guard_support.obj
 0002:00002d48       $unwind$__castguard_slow_path_check_os_handled 000000014000ad48     MSVCRT:guard_support.obj
 0002:00002d50       $unwind$?_RTC_GetSrcLine@@YAHPEAEPEA_WKPEAH1K@Z 000000014000ad50     MSVCRT:pdblkup.obj
 0002:00002d6c       $unwind$?GetPdbDllFromInstallPath@@YAPEAUHINSTANCE__@@XZ 000000014000ad6c     MSVCRT:pdblkup.obj
 0002:00002d94       $unwind$__GSHandlerCheckCommon 000000014000ad94     MSVCRT:gshandler.obj
 0002:00002d9c       $unwind$__GSHandlerCheck   000000014000ad9c     MSVCRT:gshandler.obj
 0002:00002da8       $xdatasym                  000000014000ada8     MSVCRT:amdsecgs.obj
 0002:00002dac       $unwind$__isa_available_init 000000014000adac     MSVCRT:cpu_disp.obj
 0002:00002dc0       $xdatasym                  000000014000adc0     MSVCRT:guard_dispatch.obj
 0002:00002dc8       $xdatasym                  000000014000adc8     MSVCRT:guard_xfg_dispatch.obj
 0002:00002dcc       $unwind$__report_securityfailure 000000014000adcc     MSVCRT:gs_report.obj
 0002:00002dd4       $unwind$__report_securityfailureEx 000000014000add4     MSVCRT:gs_report.obj
 0002:00002ddc       $unwind$__report_rangecheckfailure 000000014000addc     MSVCRT:gs_report.obj
 0002:00002de4       $unwind$__report_gsfailure 000000014000ade4     MSVCRT:gs_report.obj
 0002:00002dec       $unwind$capture_current_context 000000014000adec     MSVCRT:gs_report.obj
 0002:00002dfc       $unwind$capture_previous_context 000000014000adfc     MSVCRT:gs_report.obj
 0002:00002e0c       $unwind$__raise_securityfailure 000000014000ae0c     MSVCRT:gs_report.obj
 0003:00000179       ?init@?1??_RTC_InitBase@@9@4_NA 000000014000c179     MSVCRT:init.obj
 0003:00000180       ?_RTC_ErrorReportFunc@@3P6AHHPEBDH00ZZEA 000000014000c180     MSVCRT:userapi.obj
 0003:00000188       ?_RTC_ErrorReportFuncW@@3P6AHHPEB_WH00ZZEA 000000014000c188     MSVCRT:userapi.obj
 0003:000001a8       ?is_initialized_as_dll@@3_NA 000000014000c1a8     MSVCRT:utility.obj
 0003:000001a9       ?module_local_atexit_table_initialized@@3_NA 000000014000c1a9     MSVCRT:utility.obj
 0003:000001b0       ?module_local_atexit_table@@3U_onexit_table_t@@A 000000014000c1b0     MSVCRT:utility.obj
 0003:000001c8       ?module_local_at_quick_exit_table@@3U_onexit_table_t@@A 000000014000c1c8     MSVCRT:utility.obj
 0003:00000218       ?mspdb@@3PEAUHINSTANCE__@@EA 000000014000c218     MSVCRT:pdblkup.obj
 0003:00000221       ?alreadyTried@?1??GetPdbDll@@YAPEAUHINSTANCE__@@XZ@4_NA 000000014000c221     MSVCRT:pdblkup.obj
 0003:00000222       ?PDBOK@?1??_RTC_GetSrcLine@@YAHPEAEPEA_WKPEAH1K@Z@4_NA 000000014000c222     MSVCRT:pdblkup.obj
 0003:00000230       GS_ExceptionRecord         000000014000c230     MSVCRT:gs_report.obj
 0003:000002d0       GS_ContextRecord           000000014000c2d0     MSVCRT:gs_report.obj
 0005:00000b4a       .idata$6                   000000014000eb4a     kernel32:KERNEL32.dll
 0005:00000c32       .idata$6                   000000014000ec32     vcruntime:VCRUNTIME140.dll
 0005:00000e9e       .idata$6                   000000014000ee9e     ucrt:api-ms-win-crt-stdio-l1-1-0.dll
 0005:00000ebe       .idata$6                   000000014000eebe     ucrt:api-ms-win-crt-runtime-l1-1-0.dll
 0005:00000ee0       .idata$6                   000000014000eee0     ucrt:api-ms-win-crt-math-l1-1-0.dll
 0005:00000f00       .idata$6                   000000014000ef00     ucrt:api-ms-win-crt-locale-l1-1-0.dll
 0005:00000f22       .idata$6                   000000014000ef22     ucrt:api-ms-win-crt-heap-l1-1-0.dll
 0005:00000f42       .idata$6                   000000014000ef42     ucrt:api-ms-win-crt-string-l1-1-0.dll
 0007:00000170       $R000000                   0000000140011170     * linker generated manifest res *
