 Project12

 Timestamp is 641efe04 (Sat Mar 25 21:58:28 2023)

 Preferred load address is 0000000140000000

 Start         Length     Name                   Class
 0001:00000000 00000c60H .text$mn                CODE
 0001:00000c60 00000036H .text$mn$00             CODE
 0001:00000c96 00000036H .text$x                 CODE
 0002:00000000 00000190H .idata$5                DATA
 0002:00000190 00000038H .00cfg                  DATA
 0002:000001c8 00000008H .CRT$XCA                DATA
 0002:000001d0 00000008H .CRT$XCAA               DATA
 0002:000001d8 00000008H .CRT$XCZ                DATA
 0002:000001e0 00000008H .CRT$XIA                DATA
 0002:000001e8 00000008H .CRT$XIAA               DATA
 0002:000001f0 00000008H .CRT$XIAC               DATA
 0002:000001f8 00000008H .CRT$XIZ                DATA
 0002:00000200 00000008H .CRT$XPA                DATA
 0002:00000208 00000008H .CRT$XPZ                DATA
 0002:00000210 00000008H .CRT$XTA                DATA
 0002:00000218 00000008H .CRT$XTZ                DATA
 0002:00000220 00000000H .gehcont$y              DATA
 0002:00000220 00000000H .gfids$y                DATA
 0002:00000220 000001e0H .rdata                  DATA
 0002:00000400 00000000H .rdata$CastGuardVftablesA DATA
 0002:00000400 00000000H .rdata$CastGuardVftablesC DATA
 0002:00000400 00000048H .rdata$voltmd           DATA
 0002:00000448 000002e0H .rdata$zzzdbg           DATA
 0002:00000728 00000008H .rtc$IAA                DATA
 0002:00000730 00000008H .rtc$IZZ                DATA
 0002:00000738 00000008H .rtc$TAA                DATA
 0002:00000740 00000008H .rtc$TZZ                DATA
 0002:00000748 000000dcH .xdata                  DATA
 0002:00000824 00000000H .edata                  DATA
 0002:00000824 0000008cH .idata$2                DATA
 0002:000008b0 00000018H .idata$3                DATA
 0002:000008c8 00000190H .idata$4                DATA
 0002:00000a58 00000438H .idata$6                DATA
 0003:00000000 00000040H .data                   DATA
 0003:00000040 00000088H .bss                    DATA
 0004:00000000 0000015cH .pdata                  DATA
 0005:00000000 00000060H .rsrc$01                DATA
 0005:00000060 00000180H .rsrc$02                DATA

  Address         Publics by Value              Rva+Base               Lib:Object

 0000:00000000       __AbsoluteZero             0000000000000000     <absolute>
 0000:00000000       ___safe_se_handler_count   0000000000000000     <absolute>
 0000:00000000       ___safe_se_handler_table   0000000000000000     <absolute>
 0000:00000000       __arm64x_extra_rfe_table   0000000000000000     <absolute>
 0000:00000000       __arm64x_extra_rfe_table_size 0000000000000000     <absolute>
 0000:00000000       __arm64x_native_entrypoint 0000000000000000     <absolute>
 0000:00000000       __arm64x_redirection_metadata 0000000000000000     <absolute>
 0000:00000000       __arm64x_redirection_metadata_count 0000000000000000     <absolute>
 0000:00000000       __dynamic_value_reloc_table 0000000000000000     <absolute>
 0000:00000000       __enclave_config           0000000000000000     <absolute>
 0000:00000000       __guard_check_icall_a64n_fptr 0000000000000000     <absolute>
 0000:00000000       __guard_eh_cont_count      0000000000000000     <absolute>
 0000:00000000       __guard_eh_cont_table      0000000000000000     <absolute>
 0000:00000000       __guard_fids_count         0000000000000000     <absolute>
 0000:00000000       __guard_fids_table         0000000000000000     <absolute>
 0000:00000000       __guard_iat_count          0000000000000000     <absolute>
 0000:00000000       __guard_iat_table          0000000000000000     <absolute>
 0000:00000000       __guard_longjmp_count      0000000000000000     <absolute>
 0000:00000000       __guard_longjmp_table      0000000000000000     <absolute>
 0000:00000000       __hybrid_auxiliary_iat     0000000000000000     <absolute>
 0000:00000000       __hybrid_auxiliary_iat_copy 0000000000000000     <absolute>
 0000:00000000       __hybrid_code_map          0000000000000000     <absolute>
 0000:00000000       __hybrid_code_map_count    0000000000000000     <absolute>
 0000:00000000       __x64_code_ranges_to_entry_points 0000000000000000     <absolute>
 0000:00000000       __x64_code_ranges_to_entry_points_count 0000000000000000     <absolute>
 0000:00000100       __guard_flags              0000000000000100     <absolute>
 0000:00000000       __ImageBase                0000000140000000     <linker-defined>
 0001:00000000       __local_stdio_printf_options 0000000140001000 f i Source.obj
 0001:00000010       printf                     0000000140001010 f i Source.obj
 0001:00000070       ?add@@YAHHH@Z              0000000140001070 f   Source.obj
 0001:000000f0       float_test                 00000001400010f0 f   Source.obj
 0001:00000150       main                       0000000140001150 f   Source.obj
 0001:000003dc       mainCRTStartup             00000001400013dc f   MSVCRT:exe_main.obj
 0001:000003f0       __scrt_acquire_startup_lock 00000001400013f0 f   MSVCRT:utility.obj
 0001:0000042c       __scrt_initialize_crt      000000014000142c f   MSVCRT:utility.obj
 0001:00000478       __scrt_initialize_onexit_tables 0000000140001478 f   MSVCRT:utility.obj
 0001:00000504       __scrt_is_nonwritable_in_current_image 0000000140001504 f   MSVCRT:utility.obj
 0001:0000059c       __scrt_release_startup_lock 000000014000159c f   MSVCRT:utility.obj
 0001:000005c0       __scrt_uninitialize_crt    00000001400015c0 f   MSVCRT:utility.obj
 0001:000005ec       _onexit                    00000001400015ec f   MSVCRT:utility.obj
 0001:00000628       atexit                     0000000140001628 f   MSVCRT:utility.obj
 0001:00000640       __security_init_cookie     0000000140001640 f   MSVCRT:gs_support.obj
 0001:000006ec       __scrt_exe_initialize_mta  00000001400016ec f   MSVCRT:utility_desktop.obj
 0001:000006ec       __scrt_initialize_winrt    00000001400016ec f   MSVCRT:utility_desktop.obj
 0001:000006ec       __scrt_stub_for_initialize_mta 00000001400016ec f   MSVCRT:utility_desktop.obj
 0001:000006ec       _get_startup_commit_mode   00000001400016ec f   MSVCRT:commit_mode.obj
 0001:000006ec       _get_startup_new_mode      00000001400016ec f   MSVCRT:new_mode.obj
 0001:000006ec       _get_startup_thread_locale_mode 00000001400016ec f   MSVCRT:thread_locale.obj
 0001:000006ec       _matherr                   00000001400016ec f   MSVCRT:matherr.obj
 0001:000006f0       _get_startup_argv_mode     00000001400016f0 f   MSVCRT:argv_mode.obj
 0001:000006f8       _get_startup_file_mode     00000001400016f8 f   MSVCRT:file_mode.obj
 0001:00000700       ?__scrt_initialize_type_info@@YAXXZ 0000000140001700 f   MSVCRT:tncleanup.obj
 0001:00000710       __acrt_initialize          0000000140001710 f   MSVCRT:ucrt_stubs.obj
 0001:00000710       __acrt_uninitialize        0000000140001710 f   MSVCRT:ucrt_stubs.obj
 0001:00000710       __scrt_stub_for_acrt_initialize 0000000140001710 f   MSVCRT:ucrt_stubs.obj
 0001:00000710       __scrt_stub_for_acrt_uninitialize 0000000140001710 f   MSVCRT:ucrt_stubs.obj
 0001:00000710       __vcrt_initialize          0000000140001710 f   MSVCRT:ucrt_stubs.obj
 0001:00000710       __vcrt_uninitialize        0000000140001710 f   MSVCRT:ucrt_stubs.obj
 0001:00000710       _should_initialize_environment 0000000140001710 f   MSVCRT:env_mode.obj
 0001:00000714       _guard_check_icall_nop     0000000140001714 f   MSVCRT:guard_support.obj
 0001:00000714       _initialize_denormal_control 0000000140001714 f   MSVCRT:denormal_control.obj
 0001:00000714       _initialize_invalid_parameter_handler 0000000140001714 f   MSVCRT:invalid_parameter_handler.obj
 0001:00000718       __local_stdio_scanf_options 0000000140001718 f i MSVCRT:default_local_stdio_options.obj
 0001:00000720       __scrt_initialize_default_local_stdio_options 0000000140001720 f   MSVCRT:default_local_stdio_options.obj
 0001:0000073c       __scrt_is_user_matherr_present 000000014000173c f   MSVCRT:matherr_detection.obj
 0001:00000748       __scrt_get_dyn_tls_init_callback 0000000140001748 f   MSVCRT:dyn_tls_init.obj
 0001:00000750       __scrt_get_dyn_tls_dtor_callback 0000000140001750 f   MSVCRT:dyn_tls_dtor.obj
 0001:00000758       __crt_debugger_hook        0000000140001758 f   MSVCRT:utility_desktop.obj
 0001:00000760       __scrt_fastfail            0000000140001760 f   MSVCRT:utility_desktop.obj
 0001:000008ac       __scrt_initialize_mta      00000001400018ac f   MSVCRT:utility_desktop.obj
 0001:000008b4       __scrt_is_managed_app      00000001400018b4 f   MSVCRT:utility_desktop.obj
 0001:00000908       __scrt_set_unhandled_exception_filter 0000000140001908 f   MSVCRT:utility_desktop.obj
 0001:00000918       __scrt_unhandled_exception_filter 0000000140001918 f   MSVCRT:utility_desktop.obj
 0001:00000974       _RTC_Initialize            0000000140001974 f   MSVCRT:initsect.obj
 0001:000009b0       _RTC_Terminate             00000001400019b0 f   MSVCRT:initsect.obj
 0001:000009ec       __isa_available_init       00000001400019ec f   MSVCRT:cpu_disp.obj
 0001:00000b98       __scrt_is_ucrt_dll_in_use  0000000140001b98 f   MSVCRT:ucrt_detection.obj
 0001:00000bb0       __C_specific_handler       0000000140001bb0 f   vcruntime:VCRUNTIME140.dll
 0001:00000bb6       __current_exception        0000000140001bb6 f   vcruntime:VCRUNTIME140.dll
 0001:00000bbc       __current_exception_context 0000000140001bbc f   vcruntime:VCRUNTIME140.dll
 0001:00000bc2       memset                     0000000140001bc2 f   vcruntime:VCRUNTIME140.dll
 0001:00000bc8       _seh_filter_exe            0000000140001bc8 f   ucrt:api-ms-win-crt-runtime-l1-1-0.dll
 0001:00000bce       _set_app_type              0000000140001bce f   ucrt:api-ms-win-crt-runtime-l1-1-0.dll
 0001:00000bd4       __setusermatherr           0000000140001bd4 f   ucrt:api-ms-win-crt-math-l1-1-0.dll
 0001:00000bda       _configure_narrow_argv     0000000140001bda f   ucrt:api-ms-win-crt-runtime-l1-1-0.dll
 0001:00000be0       _initialize_narrow_environment 0000000140001be0 f   ucrt:api-ms-win-crt-runtime-l1-1-0.dll
 0001:00000be6       _get_initial_narrow_environment 0000000140001be6 f   ucrt:api-ms-win-crt-runtime-l1-1-0.dll
 0001:00000bec       _initterm                  0000000140001bec f   ucrt:api-ms-win-crt-runtime-l1-1-0.dll
 0001:00000bf2       _initterm_e                0000000140001bf2 f   ucrt:api-ms-win-crt-runtime-l1-1-0.dll
 0001:00000bf8       exit                       0000000140001bf8 f   ucrt:api-ms-win-crt-runtime-l1-1-0.dll
 0001:00000bfe       _exit                      0000000140001bfe f   ucrt:api-ms-win-crt-runtime-l1-1-0.dll
 0001:00000c04       _set_fmode                 0000000140001c04 f   ucrt:api-ms-win-crt-stdio-l1-1-0.dll
 0001:00000c0a       __p___argc                 0000000140001c0a f   ucrt:api-ms-win-crt-runtime-l1-1-0.dll
 0001:00000c10       __p___argv                 0000000140001c10 f   ucrt:api-ms-win-crt-runtime-l1-1-0.dll
 0001:00000c16       _cexit                     0000000140001c16 f   ucrt:api-ms-win-crt-runtime-l1-1-0.dll
 0001:00000c1c       _c_exit                    0000000140001c1c f   ucrt:api-ms-win-crt-runtime-l1-1-0.dll
 0001:00000c22       _register_thread_local_exe_atexit_callback 0000000140001c22 f   ucrt:api-ms-win-crt-runtime-l1-1-0.dll
 0001:00000c28       _configthreadlocale        0000000140001c28 f   ucrt:api-ms-win-crt-locale-l1-1-0.dll
 0001:00000c2e       _set_new_mode              0000000140001c2e f   ucrt:api-ms-win-crt-heap-l1-1-0.dll
 0001:00000c34       __p__commode               0000000140001c34 f   ucrt:api-ms-win-crt-stdio-l1-1-0.dll
 0001:00000c3a       _initialize_onexit_table   0000000140001c3a f   ucrt:api-ms-win-crt-runtime-l1-1-0.dll
 0001:00000c40       _register_onexit_function  0000000140001c40 f   ucrt:api-ms-win-crt-runtime-l1-1-0.dll
 0001:00000c46       _crt_atexit                0000000140001c46 f   ucrt:api-ms-win-crt-runtime-l1-1-0.dll
 0001:00000c4c       terminate                  0000000140001c4c f   ucrt:api-ms-win-crt-runtime-l1-1-0.dll
 0001:00000c52       memcpy                     0000000140001c52 f   vcruntime:VCRUNTIME140.dll
 0001:00000c70       _guard_dispatch_icall_nop  0000000140001c70 f   MSVCRT:guard_dispatch.obj
 0001:00000c90       _guard_xfg_dispatch_icall_nop 0000000140001c90 f   MSVCRT:guard_xfg_dispatch.obj
 0002:00000000       __imp_UnhandledExceptionFilter 0000000140002000     kernel32:KERNEL32.dll
 0002:00000008       __imp_GetCurrentProcessId  0000000140002008     kernel32:KERNEL32.dll
 0002:00000010       __imp_GetCurrentThreadId   0000000140002010     kernel32:KERNEL32.dll
 0002:00000018       __imp_GetSystemTimeAsFileTime 0000000140002018     kernel32:KERNEL32.dll
 0002:00000020       __imp_InitializeSListHead  0000000140002020     kernel32:KERNEL32.dll
 0002:00000028       __imp_RtlCaptureContext    0000000140002028     kernel32:KERNEL32.dll
 0002:00000030       __imp_GetModuleHandleW     0000000140002030     kernel32:KERNEL32.dll
 0002:00000038       __imp_IsProcessorFeaturePresent 0000000140002038     kernel32:KERNEL32.dll
 0002:00000040       __imp_SetUnhandledExceptionFilter 0000000140002040     kernel32:KERNEL32.dll
 0002:00000048       __imp_QueryPerformanceCounter 0000000140002048     kernel32:KERNEL32.dll
 0002:00000050       __imp_IsDebuggerPresent    0000000140002050     kernel32:KERNEL32.dll
 0002:00000058       __imp_RtlVirtualUnwind     0000000140002058     kernel32:KERNEL32.dll
 0002:00000060       __imp_RtlLookupFunctionEntry 0000000140002060     kernel32:KERNEL32.dll
 0002:00000068       \177KERNEL32_NULL_THUNK_DATA 0000000140002068     kernel32:KERNEL32.dll
 0002:00000070       __imp___current_exception_context 0000000140002070     vcruntime:VCRUNTIME140.dll
 0002:00000078       __imp___current_exception  0000000140002078     vcruntime:VCRUNTIME140.dll
 0002:00000080       __imp___C_specific_handler 0000000140002080     vcruntime:VCRUNTIME140.dll
 0002:00000088       __imp_memset               0000000140002088     vcruntime:VCRUNTIME140.dll
 0002:00000090       __imp_memcpy               0000000140002090     vcruntime:VCRUNTIME140.dll
 0002:00000098       \177VCRUNTIME140_NULL_THUNK_DATA 0000000140002098     vcruntime:VCRUNTIME140.dll
 0002:000000a0       __imp__set_new_mode        00000001400020a0     ucrt:api-ms-win-crt-heap-l1-1-0.dll
 0002:000000a8       \177api-ms-win-crt-heap-l1-1-0_NULL_THUNK_DATA 00000001400020a8     ucrt:api-ms-win-crt-heap-l1-1-0.dll
 0002:000000b0       __imp__configthreadlocale  00000001400020b0     ucrt:api-ms-win-crt-locale-l1-1-0.dll
 0002:000000b8       \177api-ms-win-crt-locale-l1-1-0_NULL_THUNK_DATA 00000001400020b8     ucrt:api-ms-win-crt-locale-l1-1-0.dll
 0002:000000c0       __imp___setusermatherr     00000001400020c0     ucrt:api-ms-win-crt-math-l1-1-0.dll
 0002:000000c8       \177api-ms-win-crt-math-l1-1-0_NULL_THUNK_DATA 00000001400020c8     ucrt:api-ms-win-crt-math-l1-1-0.dll
 0002:000000d0       __imp__initialize_onexit_table 00000001400020d0     ucrt:api-ms-win-crt-runtime-l1-1-0.dll
 0002:000000d8       __imp__register_onexit_function 00000001400020d8     ucrt:api-ms-win-crt-runtime-l1-1-0.dll
 0002:000000e0       __imp__register_thread_local_exe_atexit_callback 00000001400020e0     ucrt:api-ms-win-crt-runtime-l1-1-0.dll
 0002:000000e8       __imp_terminate            00000001400020e8     ucrt:api-ms-win-crt-runtime-l1-1-0.dll
 0002:000000f0       __imp__seh_filter_exe      00000001400020f0     ucrt:api-ms-win-crt-runtime-l1-1-0.dll
 0002:000000f8       __imp__set_app_type        00000001400020f8     ucrt:api-ms-win-crt-runtime-l1-1-0.dll
 0002:00000100       __imp___p___argv           0000000140002100     ucrt:api-ms-win-crt-runtime-l1-1-0.dll
 0002:00000108       __imp__c_exit              0000000140002108     ucrt:api-ms-win-crt-runtime-l1-1-0.dll
 0002:00000110       __imp__cexit               0000000140002110     ucrt:api-ms-win-crt-runtime-l1-1-0.dll
 0002:00000118       __imp___p___argc           0000000140002118     ucrt:api-ms-win-crt-runtime-l1-1-0.dll
 0002:00000120       __imp__crt_atexit          0000000140002120     ucrt:api-ms-win-crt-runtime-l1-1-0.dll
 0002:00000128       __imp__exit                0000000140002128     ucrt:api-ms-win-crt-runtime-l1-1-0.dll
 0002:00000130       __imp_exit                 0000000140002130     ucrt:api-ms-win-crt-runtime-l1-1-0.dll
 0002:00000138       __imp__initterm_e          0000000140002138     ucrt:api-ms-win-crt-runtime-l1-1-0.dll
 0002:00000140       __imp__initterm            0000000140002140     ucrt:api-ms-win-crt-runtime-l1-1-0.dll
 0002:00000148       __imp__get_initial_narrow_environment 0000000140002148     ucrt:api-ms-win-crt-runtime-l1-1-0.dll
 0002:00000150       __imp__initialize_narrow_environment 0000000140002150     ucrt:api-ms-win-crt-runtime-l1-1-0.dll
 0002:00000158       __imp__configure_narrow_argv 0000000140002158     ucrt:api-ms-win-crt-runtime-l1-1-0.dll
 0002:00000160       \177api-ms-win-crt-runtime-l1-1-0_NULL_THUNK_DATA 0000000140002160     ucrt:api-ms-win-crt-runtime-l1-1-0.dll
 0002:00000168       __imp___stdio_common_vfprintf 0000000140002168     ucrt:api-ms-win-crt-stdio-l1-1-0.dll
 0002:00000170       __imp___acrt_iob_func      0000000140002170     ucrt:api-ms-win-crt-stdio-l1-1-0.dll
 0002:00000178       __imp___p__commode         0000000140002178     ucrt:api-ms-win-crt-stdio-l1-1-0.dll
 0002:00000180       __imp__set_fmode           0000000140002180     ucrt:api-ms-win-crt-stdio-l1-1-0.dll
 0002:00000188       \177api-ms-win-crt-stdio-l1-1-0_NULL_THUNK_DATA 0000000140002188     ucrt:api-ms-win-crt-stdio-l1-1-0.dll
 0002:00000190       __guard_check_icall_fptr   0000000140002190     MSVCRT:guard_support.obj
 0002:00000198       __guard_xfg_check_icall_fptr 0000000140002198     MSVCRT:guard_support.obj
 0002:000001a0       __guard_dispatch_icall_fptr 00000001400021a0     MSVCRT:guard_support.obj
 0002:000001a8       __guard_xfg_dispatch_icall_fptr 00000001400021a8     MSVCRT:guard_support.obj
 0002:000001b0       __guard_xfg_table_dispatch_icall_fptr 00000001400021b0     MSVCRT:guard_support.obj
 0002:000001b8       __castguard_check_failure_os_handled_fptr 00000001400021b8     MSVCRT:guard_support.obj
 0002:000001c0       __guard_memcpy_fptr        00000001400021c0     vcruntime:softmemtag.obj
 0002:000001c8       __xc_a                     00000001400021c8     MSVCRT:initializers.obj
 0002:000001d8       __xc_z                     00000001400021d8     MSVCRT:initializers.obj
 0002:000001e0       __xi_a                     00000001400021e0     MSVCRT:initializers.obj
 0002:000001f8       __xi_z                     00000001400021f8     MSVCRT:initializers.obj
 0002:00000200       __xp_a                     0000000140002200     MSVCRT:initializers.obj
 0002:00000208       __xp_z                     0000000140002208     MSVCRT:initializers.obj
 0002:00000210       __xt_a                     0000000140002210     MSVCRT:initializers.obj
 0002:00000218       __xt_z                     0000000140002218     MSVCRT:initializers.obj
 0002:00000220       __xmm@ffffffffffffffffffffffffffffffff 0000000140002220     MSVCRT:utility.obj
 0002:00000230       ??_C@_04MGKECPID@?$CF?4f?6@ 0000000140002230     Source.obj
 0002:00000238       ??_C@_03PMGGPEJJ@?$CFd?6@  0000000140002238     Source.obj
 0002:0000023c       __real@3f000000            000000014000223c     Source.obj
 0002:00000240       _load_config_used          0000000140002240     MSVCRT:loadcfg.obj
 0002:00000400       __volatile_metadata        0000000140002400     <linker-defined>
 0002:00000728       __rtc_iaa                  0000000140002728     MSVCRT:initsect.obj
 0002:00000730       __rtc_izz                  0000000140002730     MSVCRT:initsect.obj
 0002:00000738       __rtc_taa                  0000000140002738     MSVCRT:initsect.obj
 0002:00000740       __rtc_tzz                  0000000140002740     MSVCRT:initsect.obj
 0002:00000824       __IMPORT_DESCRIPTOR_VCRUNTIME140 0000000140002824     vcruntime:VCRUNTIME140.dll
 0002:00000838       __IMPORT_DESCRIPTOR_api-ms-win-crt-stdio-l1-1-0 0000000140002838     ucrt:api-ms-win-crt-stdio-l1-1-0.dll
 0002:0000084c       __IMPORT_DESCRIPTOR_api-ms-win-crt-runtime-l1-1-0 000000014000284c     ucrt:api-ms-win-crt-runtime-l1-1-0.dll
 0002:00000860       __IMPORT_DESCRIPTOR_api-ms-win-crt-math-l1-1-0 0000000140002860     ucrt:api-ms-win-crt-math-l1-1-0.dll
 0002:00000874       __IMPORT_DESCRIPTOR_api-ms-win-crt-locale-l1-1-0 0000000140002874     ucrt:api-ms-win-crt-locale-l1-1-0.dll
 0002:00000888       __IMPORT_DESCRIPTOR_api-ms-win-crt-heap-l1-1-0 0000000140002888     ucrt:api-ms-win-crt-heap-l1-1-0.dll
 0002:0000089c       __IMPORT_DESCRIPTOR_KERNEL32 000000014000289c     kernel32:KERNEL32.dll
 0002:000008b0       __NULL_IMPORT_DESCRIPTOR   00000001400028b0     vcruntime:VCRUNTIME140.dll
 0003:00000000       __scrt_native_dllmain_reason 0000000140003000     MSVCRT:utility.obj
 0003:00000004       __scrt_default_matherr     0000000140003004     MSVCRT:matherr.obj
 0003:00000008       __isa_available            0000000140003008     MSVCRT:cpu_disp.obj
 0003:0000000c       __isa_enabled              000000014000300c     MSVCRT:cpu_disp.obj
 0003:00000010       __memset_fast_string_threshold 0000000140003010     MSVCRT:cpu_disp.obj
 0003:00000018       __memset_nt_threshold      0000000140003018     MSVCRT:cpu_disp.obj
 0003:00000020       __security_cookie_complement 0000000140003020     MSVCRT:gs_cookie.obj
 0003:00000028       __security_cookie          0000000140003028     MSVCRT:gs_cookie.obj
 0003:00000030       __scrt_ucrt_dll_is_in_use  0000000140003030     MSVCRT:ucrt_stubs.obj
 0003:00000034       _fltused                   0000000140003034     MSVCRT:fltused.obj
 0003:00000040       __scrt_current_native_startup_state 0000000140003040     MSVCRT:utility.obj
 0003:00000048       __scrt_native_startup_lock 0000000140003048     MSVCRT:utility.obj
 0003:00000090       ?__type_info_root_node@@3U__type_info_node@@A 0000000140003090     MSVCRT:tncleanup.obj
 0003:000000a0       ?_OptionsStorage@?1??__local_stdio_scanf_options@@9@4_KA 00000001400030a0     MSVCRT:default_local_stdio_options.obj
 0003:000000a8       __scrt_debugger_hook_flag  00000001400030a8     MSVCRT:utility_desktop.obj
 0003:000000ac       __favor                    00000001400030ac     MSVCRT:cpu_disp.obj
 0003:000000b0       ?_OptionsStorage@?1??__local_stdio_printf_options@@9@4_KA 00000001400030b0     Source.obj
 0003:000000b8       __dyn_tls_dtor_callback    00000001400030b8     <common>
 0003:000000c0       __dyn_tls_init_callback    00000001400030c0     <common>

 entry point at        0001:000003dc

 Static symbols

 0000:ffff9000       .debug$S                   0000000140000000     ucrt:api-ms-win-crt-heap-l1-1-0.dll
 0000:ffff9000       .debug$S                   0000000140000000     ucrt:api-ms-win-crt-locale-l1-1-0.dll
 0000:ffff9000       .debug$S                   0000000140000000     ucrt:api-ms-win-crt-math-l1-1-0.dll
 0000:ffff9000       .debug$S                   0000000140000000     ucrt:api-ms-win-crt-runtime-l1-1-0.dll
 0000:ffff9000       .debug$S                   0000000140000000     ucrt:api-ms-win-crt-runtime-l1-1-0.dll
 0000:ffff9000       .debug$S                   0000000140000000     ucrt:api-ms-win-crt-runtime-l1-1-0.dll
 0000:ffff9000       .debug$S                   0000000140000000     ucrt:api-ms-win-crt-runtime-l1-1-0.dll
 0000:ffff9000       .debug$S                   0000000140000000     ucrt:api-ms-win-crt-runtime-l1-1-0.dll
 0000:ffff9000       .debug$S                   0000000140000000     ucrt:api-ms-win-crt-runtime-l1-1-0.dll
 0000:ffff9000       .debug$S                   0000000140000000     ucrt:api-ms-win-crt-runtime-l1-1-0.dll
 0000:ffff9000       .debug$S                   0000000140000000     ucrt:api-ms-win-crt-runtime-l1-1-0.dll
 0000:ffff9000       .debug$S                   0000000140000000     ucrt:api-ms-win-crt-runtime-l1-1-0.dll
 0000:ffff9000       .debug$S                   0000000140000000     ucrt:api-ms-win-crt-runtime-l1-1-0.dll
 0000:ffff9000       .debug$S                   0000000140000000     ucrt:api-ms-win-crt-runtime-l1-1-0.dll
 0000:ffff9000       .debug$S                   0000000140000000     ucrt:api-ms-win-crt-runtime-l1-1-0.dll
 0000:ffff9000       .debug$S                   0000000140000000     ucrt:api-ms-win-crt-runtime-l1-1-0.dll
 0000:ffff9000       .debug$S                   0000000140000000     ucrt:api-ms-win-crt-runtime-l1-1-0.dll
 0000:ffff9000       .debug$S                   0000000140000000     ucrt:api-ms-win-crt-runtime-l1-1-0.dll
 0000:ffff9000       .debug$S                   0000000140000000     ucrt:api-ms-win-crt-runtime-l1-1-0.dll
 0000:ffff9000       .debug$S                   0000000140000000     ucrt:api-ms-win-crt-runtime-l1-1-0.dll
 0000:ffff9000       .debug$S                   0000000140000000     ucrt:api-ms-win-crt-runtime-l1-1-0.dll
 0000:ffff9000       .debug$S                   0000000140000000     ucrt:api-ms-win-crt-runtime-l1-1-0.dll
 0000:ffff9000       .debug$S                   0000000140000000     ucrt:api-ms-win-crt-runtime-l1-1-0.dll
 0000:ffff9000       .debug$S                   0000000140000000     ucrt:api-ms-win-crt-runtime-l1-1-0.dll
 0000:ffff9000       .debug$S                   0000000140000000     ucrt:api-ms-win-crt-stdio-l1-1-0.dll
 0000:ffff9000       .debug$S                   0000000140000000     ucrt:api-ms-win-crt-stdio-l1-1-0.dll
 0000:ffff9000       .debug$S                   0000000140000000     ucrt:api-ms-win-crt-stdio-l1-1-0.dll
 0000:ffff9000       .debug$S                   0000000140000000     ucrt:api-ms-win-crt-stdio-l1-1-0.dll
 0000:ffff9000       .debug$S                   0000000140000000     kernel32:KERNEL32.dll
 0000:ffff9000       .debug$S                   0000000140000000     kernel32:KERNEL32.dll
 0000:ffff9000       .debug$S                   0000000140000000     kernel32:KERNEL32.dll
 0000:ffff9000       .debug$S                   0000000140000000     kernel32:KERNEL32.dll
 0000:ffff9000       .debug$S                   0000000140000000     kernel32:KERNEL32.dll
 0000:ffff9000       .debug$S                   0000000140000000     kernel32:KERNEL32.dll
 0000:ffff9000       .debug$S                   0000000140000000     kernel32:KERNEL32.dll
 0000:ffff9000       .debug$S                   0000000140000000     kernel32:KERNEL32.dll
 0000:ffff9000       .debug$S                   0000000140000000     kernel32:KERNEL32.dll
 0000:ffff9000       .debug$S                   0000000140000000     kernel32:KERNEL32.dll
 0000:ffff9000       .debug$S                   0000000140000000     kernel32:KERNEL32.dll
 0000:ffff9000       .debug$S                   0000000140000000     kernel32:KERNEL32.dll
 0000:ffff9000       .debug$S                   0000000140000000     kernel32:KERNEL32.dll
 0000:ffff9000       .debug$S                   0000000140000000     kernel32:KERNEL32.dll
 0000:ffff9000       .debug$S                   0000000140000000     vcruntime:VCRUNTIME140.dll
 0000:ffff9000       .debug$S                   0000000140000000     vcruntime:VCRUNTIME140.dll
 0000:ffff9000       .debug$S                   0000000140000000     vcruntime:VCRUNTIME140.dll
 0000:ffff9000       .debug$S                   0000000140000000     vcruntime:VCRUNTIME140.dll
 0000:ffff9000       .debug$S                   0000000140000000     vcruntime:VCRUNTIME140.dll
 0000:ffff9000       .debug$S                   0000000140000000     vcruntime:VCRUNTIME140.dll
 0001:0000017c       ?pre_c_initialization@@YAHXZ 000000014000117c f   MSVCRT:exe_main.obj
 0001:00000234       ?post_pgo_initialization@@YAHXZ 0000000140001234 f   MSVCRT:exe_main.obj
 0001:00000244       ?pre_cpp_initialization@@YAXXZ 0000000140001244 f   MSVCRT:exe_main.obj
 0001:00000260       ?__scrt_common_main_seh@@YAHXZ 0000000140001260 f   MSVCRT:exe_main.obj
 0001:00000c60       $$000000                   0000000140001c60     MSVCRT:guard_dispatch.obj
 0001:00000c80       $$000000                   0000000140001c80     MSVCRT:guard_xfg_dispatch.obj
 0001:00000c96       ?filt$0@?0??__scrt_common_main_seh@@YAHXZ@4HA 0000000140001c96 f   MSVCRT:exe_main.obj
 0001:00000cb4       __scrt_is_nonwritable_in_current_image$filt$0 0000000140001cb4 f   MSVCRT:utility.obj
 0002:000001d0       ?pre_cpp_initializer@@3P6AXXZEA 00000001400021d0     MSVCRT:exe_main.obj
 0002:000001e8       ?pre_c_initializer@@3P6AHXZEA 00000001400021e8     MSVCRT:exe_main.obj
 0002:000001f0       ?post_pgo_initializer@@3P6AHXZEA 00000001400021f0     MSVCRT:exe_main.obj
 0002:00000748       $unwind$printf             0000000140002748     Source.obj
 0002:00000754       $unwind$?add@@YAHHH@Z      0000000140002754     Source.obj
 0002:0000075c       $unwind$float_test         000000014000275c     Source.obj
 0002:00000764       $unwind$main               0000000140002764     Source.obj
 0002:00000764       $unwind$__scrt_initialize_default_local_stdio_options 0000000140002764     MSVCRT:default_local_stdio_options.obj
 0002:00000764       $unwind$?post_pgo_initialization@@YAHXZ 0000000140002764     MSVCRT:exe_main.obj
 0002:00000764       $unwind$?pre_cpp_initialization@@YAXXZ 0000000140002764     MSVCRT:exe_main.obj
 0002:00000764       $unwind$mainCRTStartup     0000000140002764     MSVCRT:exe_main.obj
 0002:00000764       $unwind$__scrt_acquire_startup_lock 0000000140002764     MSVCRT:utility.obj
 0002:00000764       $unwind$atexit             0000000140002764     MSVCRT:utility.obj
 0002:00000764       $unwind$__scrt_is_managed_app 0000000140002764     MSVCRT:utility_desktop.obj
 0002:0000076c       $unwind$?pre_c_initialization@@YAHXZ 000000014000276c     MSVCRT:exe_main.obj
 0002:0000076c       $unwind$__scrt_initialize_crt 000000014000276c     MSVCRT:utility.obj
 0002:0000076c       $unwind$__scrt_initialize_onexit_tables 000000014000276c     MSVCRT:utility.obj
 0002:0000076c       $unwind$__scrt_release_startup_lock 000000014000276c     MSVCRT:utility.obj
 0002:0000076c       $unwind$__scrt_uninitialize_crt 000000014000276c     MSVCRT:utility.obj
 0002:0000076c       $unwind$_onexit            000000014000276c     MSVCRT:utility.obj
 0002:00000774       $unwind$?__scrt_common_main_seh@@YAHXZ 0000000140002774     MSVCRT:exe_main.obj
 0002:000007ac       $unwind$?filt$0@?0??__scrt_common_main_seh@@YAHXZ@4HA 00000001400027ac     MSVCRT:exe_main.obj
 0002:000007b4       $unwind$__scrt_is_nonwritable_in_current_image 00000001400027b4     MSVCRT:utility.obj
 0002:000007d4       $unwind$__scrt_is_nonwritable_in_current_image$filt$0 00000001400027d4     MSVCRT:utility.obj
 0002:000007dc       $unwind$__security_init_cookie 00000001400027dc     MSVCRT:gs_support.obj
 0002:000007e8       $unwind$__scrt_fastfail    00000001400027e8     MSVCRT:utility_desktop.obj
 0002:000007f8       $unwind$_RTC_Initialize    00000001400027f8     MSVCRT:initsect.obj
 0002:000007f8       $unwind$_RTC_Terminate     00000001400027f8     MSVCRT:initsect.obj
 0002:000007f8       $unwind$__scrt_unhandled_exception_filter 00000001400027f8     MSVCRT:utility_desktop.obj
 0002:00000804       $unwind$__isa_available_init 0000000140002804     MSVCRT:cpu_disp.obj
 0002:00000818       $xdatasym                  0000000140002818     MSVCRT:guard_dispatch.obj
 0002:00000820       $xdatasym                  0000000140002820     MSVCRT:guard_xfg_dispatch.obj
 0002:00000aae       .idata$6                   0000000140002aae     vcruntime:VCRUNTIME140.dll
 0002:00000c9e       .idata$6                   0000000140002c9e     ucrt:api-ms-win-crt-stdio-l1-1-0.dll
 0002:00000cbe       .idata$6                   0000000140002cbe     ucrt:api-ms-win-crt-runtime-l1-1-0.dll
 0002:00000ce0       .idata$6                   0000000140002ce0     ucrt:api-ms-win-crt-math-l1-1-0.dll
 0002:00000d00       .idata$6                   0000000140002d00     ucrt:api-ms-win-crt-locale-l1-1-0.dll
 0002:00000d22       .idata$6                   0000000140002d22     ucrt:api-ms-win-crt-heap-l1-1-0.dll
 0002:00000e78       .idata$6                   0000000140002e78     kernel32:KERNEL32.dll
 0003:00000050       ?is_initialized_as_dll@@3_NA 0000000140003050     MSVCRT:utility.obj
 0003:00000051       ?module_local_atexit_table_initialized@@3_NA 0000000140003051     MSVCRT:utility.obj
 0003:00000058       ?module_local_atexit_table@@3U_onexit_table_t@@A 0000000140003058     MSVCRT:utility.obj
 0003:00000070       ?module_local_at_quick_exit_table@@3U_onexit_table_t@@A 0000000140003070     MSVCRT:utility.obj
 0005:00000060       $R000000                   0000000140005060     * linker generated manifest res *
